Archive member included to satisfy reference by file (symbol)

../../libDaisy/build/libdaisy.a(daisy_seed.o)
                              build/Blink.o (daisy::DaisySeed::Configure())
../../libDaisy/build/libdaisy.a(codec_ak4556.o)
                              ../../libDaisy/build/libdaisy.a(daisy_seed.o) (daisy::Ak4556::Init(dsy_gpio_pin))
../../libDaisy/build/libdaisy.a(codec_wm8731.o)
                              ../../libDaisy/build/libdaisy.a(daisy_seed.o) (daisy::Wm8731::Init(daisy::Wm8731::Config const&, daisy::I2CHandle))
../../libDaisy/build/libdaisy.a(sdram.o)
                              ../../libDaisy/build/libdaisy.a(daisy_seed.o) (SdramHandle::Init())
../../libDaisy/build/libdaisy.a(audio.o)
                              ../../libDaisy/build/libdaisy.a(daisy_seed.o) (daisy::AudioHandle::Init(daisy::AudioHandle::Config const&, daisy::SaiHandle))
../../libDaisy/build/libdaisy.a(gpio.o)
                              ../../libDaisy/build/libdaisy.a(daisy_seed.o) (daisy::GPIO::Init(daisy::Pin, daisy::GPIO::Mode, daisy::GPIO::Pull, daisy::GPIO::Speed))
../../libDaisy/build/libdaisy.a(i2c.o)
                              ../../libDaisy/build/libdaisy.a(daisy_seed.o) (daisy::I2CHandle::Init(daisy::I2CHandle::Config const&))
../../libDaisy/build/libdaisy.a(qspi.o)
                              ../../libDaisy/build/libdaisy.a(daisy_seed.o) (daisy::QSPIHandle::Init(daisy::QSPIHandle::Config const&))
../../libDaisy/build/libdaisy.a(sai.o)
                              ../../libDaisy/build/libdaisy.a(daisy_seed.o) (daisy::SaiHandle::Init(daisy::SaiHandle::Config const&))
../../libDaisy/build/libdaisy.a(system.o)
                              ../../libDaisy/build/libdaisy.a(daisy_seed.o) (daisy::System::DeInit())
../../libDaisy/build/libdaisy.a(system_stm32h7xx.o)
                              build/startup_stm32h750xx.o (SystemInit)
../../libDaisy/build/libdaisy.a(usbd_conf.o)
                              ../../libDaisy/build/libdaisy.a(system.o) (hpcd_USB_OTG_HS)
../../libDaisy/build/libdaisy.a(usbh_conf.o)
                              ../../libDaisy/build/libdaisy.a(system.o) (hhcd_USB_OTG_HS)
../../libDaisy/build/libdaisy.a(hal_map.o)
                              ../../libDaisy/build/libdaisy.a(gpio.o) (dsy_hal_map_get_port)
../../libDaisy/build/libdaisy.a(stm32h7xx_hal.o)
                              ../../libDaisy/build/libdaisy.a(system.o) (HAL_Init)
../../libDaisy/build/libdaisy.a(stm32h7xx_hal_cortex.o)
                              ../../libDaisy/build/libdaisy.a(stm32h7xx_hal.o) (HAL_NVIC_SetPriorityGrouping)
../../libDaisy/build/libdaisy.a(stm32h7xx_hal_dma.o)
                              ../../libDaisy/build/libdaisy.a(i2c.o) (HAL_DMA_Init)
../../libDaisy/build/libdaisy.a(stm32h7xx_hal_gpio.o)
                              ../../libDaisy/build/libdaisy.a(sdram.o) (HAL_GPIO_Init)
../../libDaisy/build/libdaisy.a(stm32h7xx_hal_hcd.o)
                              ../../libDaisy/build/libdaisy.a(usbh_conf.o) (HAL_HCD_HC_Init)
../../libDaisy/build/libdaisy.a(stm32h7xx_hal_i2c.o)
                              ../../libDaisy/build/libdaisy.a(i2c.o) (HAL_I2C_Init)
../../libDaisy/build/libdaisy.a(stm32h7xx_hal_i2c_ex.o)
                              ../../libDaisy/build/libdaisy.a(i2c.o) (HAL_I2CEx_ConfigAnalogFilter)
../../libDaisy/build/libdaisy.a(stm32h7xx_hal_pcd.o)
                              ../../libDaisy/build/libdaisy.a(usbd_conf.o) (HAL_PCD_Init)
../../libDaisy/build/libdaisy.a(stm32h7xx_hal_pcd_ex.o)
                              ../../libDaisy/build/libdaisy.a(usbd_conf.o) (HAL_PCDEx_SetTxFiFo)
../../libDaisy/build/libdaisy.a(stm32h7xx_hal_pwr_ex.o)
                              ../../libDaisy/build/libdaisy.a(system.o) (HAL_PWREx_ConfigSupply)
../../libDaisy/build/libdaisy.a(stm32h7xx_hal_qspi.o)
                              ../../libDaisy/build/libdaisy.a(qspi.o) (HAL_QSPI_Init)
../../libDaisy/build/libdaisy.a(stm32h7xx_hal_rcc.o)
                              ../../libDaisy/build/libdaisy.a(system.o) (HAL_RCC_OscConfig)
../../libDaisy/build/libdaisy.a(stm32h7xx_hal_rcc_ex.o)
                              ../../libDaisy/build/libdaisy.a(system.o) (HAL_RCCEx_PeriphCLKConfig)
../../libDaisy/build/libdaisy.a(stm32h7xx_hal_sai.o)
                              ../../libDaisy/build/libdaisy.a(sai.o) (HAL_SAI_InitProtocol)
../../libDaisy/build/libdaisy.a(stm32h7xx_hal_sdram.o)
                              ../../libDaisy/build/libdaisy.a(sdram.o) (HAL_SDRAM_Init)
../../libDaisy/build/libdaisy.a(stm32h7xx_ll_fmc.o)
                              ../../libDaisy/build/libdaisy.a(stm32h7xx_hal_sdram.o) (FMC_SDRAM_Init)
../../libDaisy/build/libdaisy.a(stm32h7xx_ll_usb.o)
                              ../../libDaisy/build/libdaisy.a(stm32h7xx_hal_hcd.o) (USB_CoreInit)
../../libDaisy/build/libdaisy.a(usbd_core.o)
                              ../../libDaisy/build/libdaisy.a(usbd_conf.o) (USBD_LL_SetupStage)
../../libDaisy/build/libdaisy.a(usbd_ctlreq.o)
[...]
Memory Configuration

Name             Origin             Length             Attributes
FLASH            0x08000000         0x00020000         xr
DTCMRAM          0x20000000         0x00020000         xrw
SRAM             0x24000000         0x00080000         xrw
RAM_D2           0x30000000         0x00048000         xrw
RAM_D3           0x38000000         0x00010000         xrw
BACKUP_SRAM      0x38800000         0x00001000         xrw
ITCMRAM          0x00000000         0x00010000         xrw
SDRAM            0xc0000000         0x04000000         xrw
QSPIFLASH        0x90000000         0x00800000         xr
*default*        0x00000000         0xffffffff

Linker script and memory map

LOAD /usr/lib/gcc/arm-none-eabi/13.2.1/thumb/v7e-m+dp/hard/crti.o
LOAD /usr/lib/gcc/arm-none-eabi/13.2.1/thumb/v7e-m+dp/hard/crtbegin.o
LOAD /usr/lib/gcc/arm-none-eabi/13.2.1/../../../arm-none-eabi/lib/thumb/v7e-m+dp/hard/crt0.o
LOAD build/startup_stm32h750xx.o
LOAD build/Blink.o
LOAD ../../libDaisy/build/libdaisy.a
LOAD /usr/lib/gcc/arm-none-eabi/13.2.1/../../../arm-none-eabi/lib/thumb/v7e-m+dp/hard/libnosys.a
LOAD ../../DaisySP/build/libdaisysp.a
LOAD /usr/lib/gcc/arm-none-eabi/13.2.1/../../../arm-none-eabi/lib/thumb/v7e-m+dp/hard/libstdc++_nano.a
LOAD /usr/lib/gcc/arm-none-eabi/13.2.1/../../../arm-none-eabi/lib/thumb/v7e-m+dp/hard/libm.a
LOAD /usr/lib/gcc/arm-none-eabi/13.2.1/../../../arm-none-eabi/lib/thumb/v7e-m+dp/hard/libc_nano.a
START GROUP
LOAD /usr/lib/gcc/arm-none-eabi/13.2.1/thumb/v7e-m+dp/hard/libgcc.a
LOAD /usr/lib/gcc/arm-none-eabi/13.2.1/../../../arm-none-eabi/lib/thumb/v7e-m+dp/hard/libc_nano.a
END GROUP
START GROUP
LOAD /usr/lib/gcc/arm-none-eabi/13.2.1/thumb/v7e-m+dp/hard/libgcc.a
LOAD /usr/lib/gcc/arm-none-eabi/13.2.1/../../../arm-none-eabi/lib/thumb/v7e-m+dp/hard/libc_nano.a
LOAD /usr/lib/gcc/arm-none-eabi/13.2.1/../../../arm-none-eabi/lib/thumb/v7e-m+dp/hard/libnosys.a
END GROUP
START GROUP
LOAD /usr/lib/gcc/arm-none-eabi/13.2.1/thumb/v7e-m+dp/hard/libgcc.a
LOAD /usr/lib/gcc/arm-none-eabi/13.2.1/../../../arm-none-eabi/lib/thumb/v7e-m+dp/hard/libc_nano.a
LOAD /usr/lib/gcc/arm-none-eabi/13.2.1/../../../arm-none-eabi/lib/thumb/v7e-m+dp/hard/libnosys.a
END GROUP
LOAD /usr/lib/gcc/arm-none-eabi/13.2.1/thumb/v7e-m+dp/hard/crtend.o
LOAD /usr/lib/gcc/arm-none-eabi/13.2.1/thumb/v7e-m+dp/hard/crtn.o
                0x20020000                        _estack = 0x20020000

.isr_vector     0x08000000      0x298
                0x08000000                        . = ALIGN (0x4)
 *(.isr_vector)
 .isr_vector    0x08000000      0x298 build/startup_stm32h750xx.o
                0x08000000                g_pfnVectors
                0x08000298                        . = ALIGN (0x4)

.text           0x08000298     0xd974
                0x08000298                        . = ALIGN (0x4)
                0x08000298                        _stext = .
 *(.text)
 .text          0x08000298       0x88 /usr/lib/gcc/arm-none-eabi/13.2.1/thumb/v7e-m+dp/hard/crtbegin.o
 .text          0x08000320       0x50 /usr/lib/gcc/arm-none-eabi/13.2.1/../../../arm-none-eabi/lib/thumb/v7e-m+dp/hard/libc_nano.a(libc_a-init.o)
                0x08000320                __libc_init_array
 .text          0x08000370       0xa4 /usr/lib/gcc/arm-none-eabi/13.2.1/../../../arm-none-eabi/lib/thumb/v7e-m+dp/hard/libc_nano.a(libc_a-memset.o)
                0x08000370                memset
 .text          0x08000414       0x1c /usr/lib/gcc/arm-none-eabi/13.2.1/../../../arm-none-eabi/lib/thumb/v7e-m+dp/hard/libc_nano.a(libc_a-cxa_atexit.o)
                0x08000414                __cxa_atexit
 .text          0x08000430      0x134 /usr/lib/gcc/arm-none-eabi/13.2.1/../../../arm-none-eabi/lib/thumb/v7e-m+dp/hard/libc_nano.a(libc_a-memcpy.o)
                0x08000430                memcpy
 .text          0x08000564       0xac /usr/lib/gcc/arm-none-eabi/13.2.1/../../../arm-none-eabi/lib/thumb/v7e-m+dp/hard/libc_nano.a(libc_a-__atexit.o)
                0x08000564                __register_exitproc
 .text          0x08000610       0x30 /usr/lib/gcc/arm-none-eabi/13.2.1/thumb/v7e-m+dp/hard/libgcc.a(_aeabi_uldivmod.o)
                0x08000610                __aeabi_uldivmod
 .text          0x08000640      0x2bc /usr/lib/gcc/arm-none-eabi/13.2.1/thumb/v7e-m+dp/hard/libgcc.a(_udivmoddi4.o)
                0x08000640                __udivmoddi4
 .text          0x080008fc        0x4 /usr/lib/gcc/arm-none-eabi/13.2.1/thumb/v7e-m+dp/hard/libgcc.a(_dvmd_tls.o)
                0x080008fc                __aeabi_ldiv0
                0x080008fc                __aeabi_idiv0
 *(.text*)
 .text.Default_Handler
                0x08000900        0x4 build/startup_stm32h750xx.o
                0x08000900                RTC_Alarm_IRQHandler
                0x08000900                HASH_RNG_IRQHandler
                0x08000900                EXTI2_IRQHandler
                0x08000900                TIM8_CC_IRQHandler
                0x08000900                HRTIM1_Master_IRQHandler
                0x08000900                DebugMon_Handler
                0x08000900                TIM1_CC_IRQHandler
                0x08000900                BDMA_Channel6_IRQHandler
                0x08000900                DMA2_Stream5_IRQHandler
                0x08000900                HRTIM1_FLT_IRQHandler
                0x08000900                JPEG_IRQHandler
                0x08000900                BDMA_Channel1_IRQHandler
                0x08000900                HRTIM1_TIMD_IRQHandler
                0x08000900                TAMP_STAMP_IRQHandler
                0x08000900                PendSV_Handler
                0x08000900                NMI_Handler
                0x08000900                EXTI3_IRQHandler
                0x08000900                LPTIM4_IRQHandler
                0x08000900                TIM8_TRG_COM_TIM14_IRQHandler
                0x08000900                LPTIM2_IRQHandler
                0x08000900                DFSDM1_FLT1_IRQHandler
                0x08000900                DMAMUX2_OVR_IRQHandler
                0x08000900                TIM8_UP_TIM13_IRQHandler
                0x08000900                I2C3_ER_IRQHandler
                0x08000900                DFSDM1_FLT2_IRQHandler
                0x08000900                MDMA_IRQHandler
                0x08000900                LPTIM3_IRQHandler
                0x08000900                HSEM1_IRQHandler
                0x08000900                EXTI0_IRQHandler
                0x08000900                DMA1_Stream2_IRQHandler
                0x08000900                FPU_IRQHandler
                0x08000900                OTG_HS_WKUP_IRQHandler
                0x08000900                FDCAN1_IT1_IRQHandler
                0x08000900                UsageFault_Handler
                0x08000900                LTDC_ER_IRQHandler
                0x08000900                HRTIM1_TIME_IRQHandler
                0x08000900                TIM6_DAC_IRQHandler
                0x08000900                DCMI_IRQHandler
                0x08000900                HRTIM1_TIMC_IRQHandler
                0x08000900                SAI2_IRQHandler
                0x08000900                DFSDM1_FLT3_IRQHandler
                0x08000900                TIM17_IRQHandler
                0x08000900                CRYP_IRQHandler
                0x08000900                BDMA_Channel7_IRQHandler
                0x08000900                LPTIM5_IRQHandler
                0x08000900                ADC3_IRQHandler
                0x08000900                DMA2_Stream0_IRQHandler
                0x08000900                BDMA_Channel2_IRQHandler
                0x08000900                DMAMUX1_OVR_IRQHandler
                0x08000900                TIM16_IRQHandler
                0x08000900                BDMA_Channel5_IRQHandler
                0x08000900                RCC_IRQHandler
                0x08000900                TIM8_BRK_TIM12_IRQHandler
                0x08000900                TIM1_TRG_COM_IRQHandler
                0x08000900                Default_Handler
                0x08000900                ECC_IRQHandler
                0x08000900                CEC_IRQHandler
                0x08000900                EXTI15_10_IRQHandler
                0x08000900                BDMA_Channel0_IRQHandler
                0x08000900                ADC_IRQHandler
                0x08000900                DMA1_Stream7_IRQHandler
                0x08000900                HRTIM1_TIMA_IRQHandler
                0x08000900                TIM7_IRQHandler
                0x08000900                SDMMC1_IRQHandler
                0x08000900                DMA2_Stream7_IRQHandler
                0x08000900                TIM15_IRQHandler
                0x08000900                PVD_AVD_IRQHandler
                0x08000900                EXTI9_5_IRQHandler
                0x08000900                RTC_WKUP_IRQHandler
                0x08000900                LTDC_IRQHandler
                0x08000900                SAI3_IRQHandler
                0x08000900                ETH_WKUP_IRQHandler
                0x08000900                SPDIF_RX_IRQHandler
                0x08000900                MemManage_Handler
                0x08000900                SVC_Handler
                0x08000900                CRS_IRQHandler
                0x08000900                EXTI4_IRQHandler
                0x08000900                HRTIM1_TIMB_IRQHandler
                0x08000900                FDCAN2_IT1_IRQHandler
                0x08000900                ETH_IRQHandler
                0x08000900                TIM1_UP_IRQHandler
                0x08000900                BDMA_Channel4_IRQHandler
                0x08000900                WWDG_IRQHandler
                0x08000900                SPI6_IRQHandler
                0x08000900                I2C4_EV_IRQHandler
                0x08000900                MDIOS_IRQHandler
                0x08000900                FDCAN2_IT0_IRQHandler
                0x08000900                FDCAN1_IT0_IRQHandler
                0x08000900                OTG_FS_WKUP_IRQHandler
                0x08000900                DMA2D_IRQHandler
                0x08000900                TIM1_BRK_IRQHandler
                0x08000900                EXTI1_IRQHandler
                0x08000900                SDMMC2_IRQHandler
                0x08000900                OTG_FS_EP1_OUT_IRQHandler
                0x08000900                BDMA_Channel3_IRQHandler
                0x08000900                MDIOS_WKUP_IRQHandler
                0x08000900                DFSDM1_FLT0_IRQHandler
                0x08000900                SAI4_IRQHandler
                0x08000900                I2C2_ER_IRQHandler
                0x08000900                DMA2_Stream1_IRQHandler
                0x08000900                FLASH_IRQHandler
                0x08000900                BusFault_Handler
                0x08000900                OTG_FS_IRQHandler
                0x08000900                WAKEUP_PIN_IRQHandler
                0x08000900                OTG_FS_EP1_IN_IRQHandler
                0x08000900                I2C1_ER_IRQHandler
                0x08000900                FMC_IRQHandler
                0x08000900                FDCAN_CAL_IRQHandler
                0x08000900                SWPMI1_IRQHandler
                0x08000900                COMP1_IRQHandler
                0x08000900                LPTIM1_IRQHandler
                0x08000900                I2C4_ER_IRQHandler
                0x08000900                DMA2_Stream6_IRQHandler
                0x08000900                SAI1_IRQHandler
 .text.Reset_Handler
                0x08000904       0x44 build/startup_stm32h750xx.o
                0x08000904                Reset_Handler
 .text._ZN5daisy9DaisySeedD2Ev
                0x08000948        0x4 build/Blink.o
                0x08000948                daisy::DaisySeed::~DaisySeed()
                0x08000948                daisy::DaisySeed::~DaisySeed()
 .text.startup.main
                0x0800094c       0x2c build/Blink.o
                0x0800094c                main
 .text.startup._GLOBAL__sub_I_hardware
                0x08000978       0x20 build/Blink.o
 .text._ZN5daisy9DaisySeed9ConfigureEv
                0x08000998        0x4 ../../libDaisy/build/libdaisy.a(daisy_seed.o)
                0x08000998                daisy::DaisySeed::Configure()
 .text._ZN5daisy9DaisySeed6SetLedEb
                0x0800099c        0x8 ../../libDaisy/build/libdaisy.a(daisy_seed.o)
                0x0800099c                daisy::DaisySeed::SetLed(bool)
 .text._ZN5daisy9DaisySeed17CheckBoardVersionEv
                0x080009a4       0x6c ../../libDaisy/build/libdaisy.a(daisy_seed.o)
                0x080009a4                daisy::DaisySeed::CheckBoardVersion()
 .text._ZN5daisy9DaisySeed14ConfigureAudioEv
                0x08000a10      0x108 ../../libDaisy/build/libdaisy.a(daisy_seed.o)
                0x08000a10                daisy::DaisySeed::ConfigureAudio()
 .text._ZN5daisy9DaisySeed4InitEb
                0x08000b18       0xf4 ../../libDaisy/build/libdaisy.a(daisy_seed.o)
                0x08000b18                daisy::DaisySeed::Init(bool)
 .text._ZN5daisy6Ak45564InitE12dsy_gpio_pin
                0x08000c0c       0x40 ../../libDaisy/build/libdaisy.a(codec_ak4556.o)
                0x08000c0c                daisy::Ak4556::Init(dsy_gpio_pin)
 .text._ZN5daisy6Wm873120WriteControlRegisterEht
                0x08000c4c       0x3c ../../libDaisy/build/libdaisy.a(codec_wm8731.o)
                0x08000c4c                daisy::Wm8731::WriteControlRegister(unsigned char, unsigned short)
 .text._ZN5daisy6Wm87314InitERKNS0_6ConfigENS_9I2CHandleE
                0x08000c88      0x1b4 ../../libDaisy/build/libdaisy.a(codec_wm8731.o)
                0x08000c88                daisy::Wm8731::Init(daisy::Wm8731::Config const&, daisy::I2CHandle)
 .text._ZN11SdramHandle10DeviceInitEv
                0x08000e3c       0x8c ../../libDaisy/build/libdaisy.a(sdram.o)
                0x08000e3c                SdramHandle::DeviceInit()
 .text._ZN11SdramHandle4InitEv
                0x08000ec8       0x88 ../../libDaisy/build/libdaisy.a(sdram.o)
                0x08000ec8                SdramHandle::Init()
 .text.HAL_SDRAM_MspInit
                0x08000f50      0x19c ../../libDaisy/build/libdaisy.a(sdram.o)
                0x08000f50                HAL_SDRAM_MspInit
 .text._ZN5daisy11AudioHandle4InitERKNS0_6ConfigENS_9SaiHandleE
                0x080010ec       0x70 ../../libDaisy/build/libdaisy.a(audio.o)
                0x080010ec                daisy::AudioHandle::Init(daisy::AudioHandle::Config const&, daisy::SaiHandle)
 .text._ZNK5daisy11AudioHandle9GetConfigEv
                0x0800115c        0x8 ../../libDaisy/build/libdaisy.a(audio.o)
                0x0800115c                daisy::AudioHandle::GetConfig() const
 .text._ZN5daisy11AudioHandle13GetSampleRateEv
                0x08001164        0x8 ../../libDaisy/build/libdaisy.a(audio.o)
                0x08001164                daisy::AudioHandle::GetSampleRate()
 .text.startup._GLOBAL__sub_I__ZN5daisy11AudioHandle4Impl4InitENS0_6ConfigENS_9SaiHandleE
                0x0800116c       0x20 ../../libDaisy/build/libdaisy.a(audio.o)
 .text._ZN5daisy4GPIO4InitENS_3PinENS0_4ModeENS0_4PullENS0_5SpeedE
                0x0800118c      0x21c ../../libDaisy/build/libdaisy.a(gpio.o)
                0x0800118c                daisy::GPIO::Init(daisy::Pin, daisy::GPIO::Mode, daisy::GPIO::Pull, daisy::GPIO::Speed)
 .text._ZN5daisy4GPIO4ReadEv
                0x080013a8       0x18 ../../libDaisy/build/libdaisy.a(gpio.o)
                0x080013a8                daisy::GPIO::Read()
 .text._ZN5daisy4GPIO5WriteEb
                0x080013c0       0x14 ../../libDaisy/build/libdaisy.a(gpio.o)
                0x080013c0                daisy::GPIO::Write(bool)
 .text.dsy_gpio_init
                0x080013d4      0x1bc ../../libDaisy/build/libdaisy.a(gpio.o)
                0x080013d4                dsy_gpio_init
 .text.dsy_gpio_write
                0x08001590       0x24 ../../libDaisy/build/libdaisy.a(gpio.o)
                0x08001590                dsy_gpio_write
 .text._ZN5daisy9I2CHandle4Impl8InitPinsEv
                0x080015b4       0x58 ../../libDaisy/build/libdaisy.a(i2c.o)
                0x080015b4                daisy::I2CHandle::Impl::InitPins()
 .text.HAL_I2C_MspInit
                0x0800160c      0x1b4 ../../libDaisy/build/libdaisy.a(i2c.o)
                0x0800160c                HAL_I2C_MspInit
 .text.dsy_i2c_global_init
                0x080017c0       0x70 ../../libDaisy/build/libdaisy.a(i2c.o)
                0x080017c0                dsy_i2c_global_init
 .text.DMA1_Stream6_IRQHandler
                0x08001830       0x30 ../../libDaisy/build/libdaisy.a(i2c.o)
                0x08001830                DMA1_Stream6_IRQHandler
 .text.I2C1_EV_IRQHandler
                0x08001860        0xc ../../libDaisy/build/libdaisy.a(i2c.o)
                0x08001860                I2C1_EV_IRQHandler
 .text.I2C2_EV_IRQHandler
                0x0800186c        0xc ../../libDaisy/build/libdaisy.a(i2c.o)
                0x0800186c                I2C2_EV_IRQHandler
 .text.I2C3_EV_IRQHandler
                0x08001878        0xc ../../libDaisy/build/libdaisy.a(i2c.o)
                0x08001878                I2C3_EV_IRQHandler
 .text._ZN5daisy9I2CHandle4InitERKNS0_6ConfigE
                0x08001884      0x120 ../../libDaisy/build/libdaisy.a(i2c.o)
                0x08001884                daisy::I2CHandle::Init(daisy::I2CHandle::Config const&)
 .text._ZN5daisy9I2CHandle16TransmitBlockingEtPhtm
                0x080019a4       0x50 ../../libDaisy/build/libdaisy.a(i2c.o)
                0x080019a4                daisy::I2CHandle::TransmitBlocking(unsigned short, unsigned char*, unsigned short, unsigned long)
 .text.startup._GLOBAL__sub_I__ZN5daisy9I2CHandle4Impl10GlobalInitEv
                0x080019f4       0x18 ../../libDaisy/build/libdaisy.a(i2c.o)
 .text._ZN5daisy10QSPIHandle4Impl11WriteEnableEv
                0x08001a0c       0x88 ../../libDaisy/build/libdaisy.a(qspi.o)
                0x08001a0c                daisy::QSPIHandle::Impl::WriteEnable()
 *fill*         0x08001a94        0x4 
 .text._ZN5daisy10QSPIHandle4Impl17DummyCyclesConfigENS0_6Config6DeviceE
                0x08001a98      0x108 ../../libDaisy/build/libdaisy.a(qspi.o)
                0x08001a98                daisy::QSPIHandle::Impl::DummyCyclesConfig(daisy::QSPIHandle::Config::Device)
 .text._ZN5daisy10QSPIHandle4Impl10QuadEnableEv
                0x08001ba0      0x140 ../../libDaisy/build/libdaisy.a(qspi.o)
                0x08001ba0                daisy::QSPIHandle::Impl::QuadEnable()
 .text._ZN5daisy10QSPIHandle4InitERKNS0_6ConfigE
                0x08001ce0      0x180 ../../libDaisy/build/libdaisy.a(qspi.o)
                0x08001ce0                daisy::QSPIHandle::Init(daisy::QSPIHandle::Config const&)
 .text.HAL_QSPI_MspInit
                0x08001e60      0x11c ../../libDaisy/build/libdaisy.a(qspi.o)
                0x08001e60                HAL_QSPI_MspInit
 .text.HAL_QSPI_MspDeInit
                0x08001f7c       0x54 ../../libDaisy/build/libdaisy.a(qspi.o)
                0x08001f7c                HAL_QSPI_MspDeInit
 .text.QUADSPI_IRQHandler
                0x08001fd0        0xc ../../libDaisy/build/libdaisy.a(qspi.o)
                0x08001fd0                QUADSPI_IRQHandler
 .text.startup._GLOBAL__sub_I__ZN5daisy10QSPIHandle4Impl4InitERKNS0_6ConfigE
                0x08001fdc       0x28 ../../libDaisy/build/libdaisy.a(qspi.o)
 .text._ZN5daisy9SaiHandle4Impl8InitPinsEv
                0x08002004       0xac ../../libDaisy/build/libdaisy.a(sai.o)
                0x08002004                daisy::SaiHandle::Impl::InitPins()
 .text.HAL_SAI_MspInit
                0x080020b0      0x2a8 ../../libDaisy/build/libdaisy.a(sai.o)
                0x080020b0                HAL_SAI_MspInit
 .text.DMA1_Stream0_IRQHandler
                0x08002358        0xc ../../libDaisy/build/libdaisy.a(sai.o)
                0x08002358                DMA1_Stream0_IRQHandler
 .text.DMA1_Stream1_IRQHandler
                0x08002364        0xc ../../libDaisy/build/libdaisy.a(sai.o)
                0x08002364                DMA1_Stream1_IRQHandler
 .text.DMA1_Stream3_IRQHandler
                0x08002370        0xc ../../libDaisy/build/libdaisy.a(sai.o)
                0x08002370                DMA1_Stream3_IRQHandler
 .text.DMA1_Stream4_IRQHandler
                0x0800237c        0xc ../../libDaisy/build/libdaisy.a(sai.o)
                0x0800237c                DMA1_Stream4_IRQHandler
 .text._ZN5daisy9SaiHandle4InitERKNS0_6ConfigE
                0x08002388      0x204 ../../libDaisy/build/libdaisy.a(sai.o)
                0x08002388                daisy::SaiHandle::Init(daisy::SaiHandle::Config const&)
 .text._ZNK5daisy9SaiHandle9GetConfigEv
                0x0800258c        0x4 ../../libDaisy/build/libdaisy.a(sai.o)
                0x0800258c                daisy::SaiHandle::GetConfig() const
 .text._ZN5daisy9SaiHandle13GetSampleRateEv
                0x08002590       0x24 ../../libDaisy/build/libdaisy.a(sai.o)
                0x08002590                daisy::SaiHandle::GetSampleRate()
 .text._ZN5daisy11TimerHandleD2Ev
                0x080025b4        0x4 ../../libDaisy/build/libdaisy.a(system.o)
                0x080025b4                daisy::TimerHandle::~TimerHandle()
                0x080025b4                daisy::TimerHandle::~TimerHandle()
 .text.SysTick_Handler
                0x080025b8       0x10 ../../libDaisy/build/libdaisy.a(system.o)
                0x080025b8                SysTick_Handler
 .text.OTG_HS_EP1_OUT_IRQHandler
                0x080025c8       0x24 ../../libDaisy/build/libdaisy.a(system.o)
                0x080025c8                OTG_HS_EP1_OUT_IRQHandler
 .text.OTG_HS_EP1_IN_IRQHandler
                0x080025ec       0x24 ../../libDaisy/build/libdaisy.a(system.o)
                0x080025ec                OTG_HS_EP1_IN_IRQHandler
 .text.OTG_HS_IRQHandler
                0x08002610       0x24 ../../libDaisy/build/libdaisy.a(system.o)
                0x08002610                OTG_HS_IRQHandler
 .text.HardFault_Handler
                0x08002634       0xe0 ../../libDaisy/build/libdaisy.a(system.o)
                0x08002634                HardFault_Handler
 .text._ZN5daisy6System5DelayEm
                0x08002714        0x4 ../../libDaisy/build/libdaisy.a(system.o)
                0x08002714                daisy::System::Delay(unsigned long)
 .text._ZN5daisy6System20GetBootloaderVersionEv
                0x08002718       0x34 ../../libDaisy/build/libdaisy.a(system.o)
                0x08002718                daisy::System::GetBootloaderVersion()
 .text._ZN5daisy6System15ConfigureClocksEv
                0x0800274c      0x188 ../../libDaisy/build/libdaisy.a(system.o)
                0x0800274c                daisy::System::ConfigureClocks()
 .text._ZN5daisy6System12ConfigureMpuEv
                0x080028d4       0x7c ../../libDaisy/build/libdaisy.a(system.o)
                0x080028d4                daisy::System::ConfigureMpu()
 .text._ZN5daisy6System4InitERKNS0_6ConfigE
                0x08002950       0xec ../../libDaisy/build/libdaisy.a(system.o)
                0x08002950                daisy::System::Init(daisy::System::Config const&)
 .text._ZN5daisy6System12GetPClk1FreqEv
                0x08002a3c        0x4 ../../libDaisy/build/libdaisy.a(system.o)
                0x08002a3c                daisy::System::GetPClk1Freq()
 .text._ZN5daisy6System22GetProgramMemoryRegionEv
                0x08002a40       0x78 ../../libDaisy/build/libdaisy.a(system.o)
                0x08002a40                daisy::System::GetProgramMemoryRegion()
 .text.startup._GLOBAL__sub_I__ZN5daisy9boot_infoE
                0x08002ab8       0x1c ../../libDaisy/build/libdaisy.a(system.o)
 .text.SystemInit
                0x08002ad4       0x98 ../../libDaisy/build/libdaisy.a(system_stm32h7xx.o)
                0x08002ad4                SystemInit
 .text.HAL_PCD_SetupStageCallback
                0x08002b6c        0xc ../../libDaisy/build/libdaisy.a(usbd_conf.o)
                0x08002b6c                HAL_PCD_SetupStageCallback
 .text.HAL_PCD_DataOutStageCallback
                0x08002b78       0x14 ../../libDaisy/build/libdaisy.a(usbd_conf.o)
                0x08002b78                HAL_PCD_DataOutStageCallback
 .text.HAL_PCD_DataInStageCallback
                0x08002b8c       0x14 ../../libDaisy/build/libdaisy.a(usbd_conf.o)
                0x08002b8c                HAL_PCD_DataInStageCallback
 .text.HAL_PCD_SOFCallback
                0x08002ba0        0x8 ../../libDaisy/build/libdaisy.a(usbd_conf.o)
                0x08002ba0                HAL_PCD_SOFCallback
 .text.HAL_PCD_ResetCallback
                0x08002ba8       0x24 ../../libDaisy/build/libdaisy.a(usbd_conf.o)
                0x08002ba8                HAL_PCD_ResetCallback
 .text.HAL_PCD_SuspendCallback
                0x08002bcc       0x30 ../../libDaisy/build/libdaisy.a(usbd_conf.o)
                0x08002bcc                HAL_PCD_SuspendCallback
 .text.HAL_PCD_ResumeCallback
                0x08002bfc        0x8 ../../libDaisy/build/libdaisy.a(usbd_conf.o)
                0x08002bfc                HAL_PCD_ResumeCallback
 .text.HAL_PCD_ISOOUTIncompleteCallback
                0x08002c04        0x8 ../../libDaisy/build/libdaisy.a(usbd_conf.o)
                0x08002c04                HAL_PCD_ISOOUTIncompleteCallback
 .text.HAL_PCD_ISOINIncompleteCallback
                0x08002c0c        0x8 ../../libDaisy/build/libdaisy.a(usbd_conf.o)
                0x08002c0c                HAL_PCD_ISOINIncompleteCallback
 .text.HAL_PCD_ConnectCallback
                0x08002c14        0x8 ../../libDaisy/build/libdaisy.a(usbd_conf.o)
                0x08002c14                HAL_PCD_ConnectCallback
 .text.HAL_PCD_DisconnectCallback
                0x08002c1c        0x8 ../../libDaisy/build/libdaisy.a(usbd_conf.o)
                0x08002c1c                HAL_PCD_DisconnectCallback
 .text.USBD_LL_OpenEP
                0x08002c24       0x1c ../../libDaisy/build/libdaisy.a(usbd_conf.o)
                0x08002c24                USBD_LL_OpenEP
 .text.USBD_LL_StallEP
                0x08002c40       0x18 ../../libDaisy/build/libdaisy.a(usbd_conf.o)
                0x08002c40                USBD_LL_StallEP
 .text.USBD_LL_ClearStallEP
                0x08002c58       0x18 ../../libDaisy/build/libdaisy.a(usbd_conf.o)
                0x08002c58                USBD_LL_ClearStallEP
 .text.USBD_LL_IsStallEP
                0x08002c70       0x28 ../../libDaisy/build/libdaisy.a(usbd_conf.o)
                0x08002c70                USBD_LL_IsStallEP
 .text.USBD_LL_SetUSBAddress
                0x08002c98       0x18 ../../libDaisy/build/libdaisy.a(usbd_conf.o)
                0x08002c98                USBD_LL_SetUSBAddress
 .text.USBD_LL_Transmit
                0x08002cb0       0x18 ../../libDaisy/build/libdaisy.a(usbd_conf.o)
                0x08002cb0                USBD_LL_Transmit
 .text.USBD_LL_PrepareReceive
                0x08002cc8       0x18 ../../libDaisy/build/libdaisy.a(usbd_conf.o)
                0x08002cc8                USBD_LL_PrepareReceive
 .text.HAL_HCD_SOF_Callback
                0x08002ce0        0x8 ../../libDaisy/build/libdaisy.a(usbh_conf.o)
                0x08002ce0                HAL_HCD_SOF_Callback
 .text.HAL_HCD_Connect_Callback
                0x08002ce8        0x8 ../../libDaisy/build/libdaisy.a(usbh_conf.o)
                0x08002ce8                HAL_HCD_Connect_Callback
 .text.HAL_HCD_Disconnect_Callback
                0x08002cf0        0x8 ../../libDaisy/build/libdaisy.a(usbh_conf.o)
                0x08002cf0                HAL_HCD_Disconnect_Callback
 .text.HAL_HCD_HC_NotifyURBChange_Callback
                0x08002cf8        0x4 ../../libDaisy/build/libdaisy.a(usbh_conf.o)
                0x08002cf8                HAL_HCD_HC_NotifyURBChange_Callback
 .text.HAL_HCD_PortEnabled_Callback
                0x08002cfc        0x8 ../../libDaisy/build/libdaisy.a(usbh_conf.o)
                0x08002cfc                HAL_HCD_PortEnabled_Callback
 .text.HAL_HCD_PortDisabled_Callback
                0x08002d04        0x8 ../../libDaisy/build/libdaisy.a(usbh_conf.o)
                0x08002d04                HAL_HCD_PortDisabled_Callback
 .text.USBH_LL_Stop
                0x08002d0c       0x18 ../../libDaisy/build/libdaisy.a(usbh_conf.o)
                0x08002d0c                USBH_LL_Stop
 .text.dsy_hal_map_get_port
                0x08002d24       0x10 ../../libDaisy/build/libdaisy.a(hal_map.o)
                0x08002d24                dsy_hal_map_get_port
 .text.dsy_hal_map_get_pin
                0x08002d34       0x10 ../../libDaisy/build/libdaisy.a(hal_map.o)
                0x08002d34                dsy_hal_map_get_pin
 .text.dsy_hal_map_gpio_clk_enable
                0x08002d44      0x150 ../../libDaisy/build/libdaisy.a(hal_map.o)
                0x08002d44                dsy_hal_map_gpio_clk_enable
 .text.HAL_MspInit
                0x08002e94        0x4 ../../libDaisy/build/libdaisy.a(stm32h7xx_hal.o)
                0x08002e94                HAL_MspInit
 .text.HAL_InitTick
                0x08002e98       0x4c ../../libDaisy/build/libdaisy.a(stm32h7xx_hal.o)
                0x08002e98                HAL_InitTick
 .text.HAL_Init
                0x08002ee4       0x60 ../../libDaisy/build/libdaisy.a(stm32h7xx_hal.o)
                0x08002ee4                HAL_Init
 .text.HAL_IncTick
                0x08002f44       0x18 ../../libDaisy/build/libdaisy.a(stm32h7xx_hal.o)
                0x08002f44                HAL_IncTick
 .text.HAL_GetTick
                0x08002f5c        0xc ../../libDaisy/build/libdaisy.a(stm32h7xx_hal.o)
                0x08002f5c                HAL_GetTick
 .text.HAL_Delay
                0x08002f68       0x24 ../../libDaisy/build/libdaisy.a(stm32h7xx_hal.o)
                0x08002f68                HAL_Delay
 .text.HAL_GetREVID
                0x08002f8c        0xc ../../libDaisy/build/libdaisy.a(stm32h7xx_hal.o)
                0x08002f8c                HAL_GetREVID
 .text.HAL_NVIC_SetPriorityGrouping
                0x08002f98       0x24 ../../libDaisy/build/libdaisy.a(stm32h7xx_hal_cortex.o)
                0x08002f98                HAL_NVIC_SetPriorityGrouping
 .text.HAL_NVIC_SetPriority
                0x08002fbc       0x78 ../../libDaisy/build/libdaisy.a(stm32h7xx_hal_cortex.o)
                0x08002fbc                HAL_NVIC_SetPriority
 .text.HAL_NVIC_EnableIRQ
                0x08003034       0x1c ../../libDaisy/build/libdaisy.a(stm32h7xx_hal_cortex.o)
                0x08003034                HAL_NVIC_EnableIRQ
 .text.HAL_NVIC_DisableIRQ
                0x08003050       0x24 ../../libDaisy/build/libdaisy.a(stm32h7xx_hal_cortex.o)
                0x08003050                HAL_NVIC_DisableIRQ
 .text.HAL_SYSTICK_Config
                0x08003074       0x2c ../../libDaisy/build/libdaisy.a(stm32h7xx_hal_cortex.o)
                0x08003074                HAL_SYSTICK_Config
 .text.HAL_MPU_Disable
                0x080030a0       0x1c ../../libDaisy/build/libdaisy.a(stm32h7xx_hal_cortex.o)
                0x080030a0                HAL_MPU_Disable
 .text.HAL_MPU_Enable
                0x080030bc       0x20 ../../libDaisy/build/libdaisy.a(stm32h7xx_hal_cortex.o)
                0x080030bc                HAL_MPU_Enable
 .text.HAL_MPU_ConfigRegion
                0x080030dc       0x64 ../../libDaisy/build/libdaisy.a(stm32h7xx_hal_cortex.o)
                0x080030dc                HAL_MPU_ConfigRegion
 .text.HAL_SYSTICK_Callback
                0x08003140        0x4 ../../libDaisy/build/libdaisy.a(stm32h7xx_hal_cortex.o)
                0x08003140                HAL_SYSTICK_Callback
 .text.HAL_SYSTICK_IRQHandler
                0x08003144        0x8 ../../libDaisy/build/libdaisy.a(stm32h7xx_hal_cortex.o)
                0x08003144                HAL_SYSTICK_IRQHandler
 .text.DMA_CalcBaseAndBitshift
                0x0800314c      0x100 ../../libDaisy/build/libdaisy.a(stm32h7xx_hal_dma.o)
 .text.DMA_CalcDMAMUXChannelBaseAndMask
                0x0800324c       0xd4 ../../libDaisy/build/libdaisy.a(stm32h7xx_hal_dma.o)
 .text.HAL_DMA_Init
                0x08003320      0x368 ../../libDaisy/build/libdaisy.a(stm32h7xx_hal_dma.o)
                0x08003320                HAL_DMA_Init
 .text.HAL_DMA_Start_IT
                0x08003688      0x288 ../../libDaisy/build/libdaisy.a(stm32h7xx_hal_dma.o)
                0x08003688                HAL_DMA_Start_IT
 .text.HAL_DMA_Abort_IT
                0x08003910      0x134 ../../libDaisy/build/libdaisy.a(stm32h7xx_hal_dma.o)
                0x08003910                HAL_DMA_Abort_IT
 .text.HAL_DMA_IRQHandler
                0x08003a44      0x424 ../../libDaisy/build/libdaisy.a(stm32h7xx_hal_dma.o)
                0x08003a44                HAL_DMA_IRQHandler
 .text.HAL_DMA_GetError
                0x08003e68        0x4 ../../libDaisy/build/libdaisy.a(stm32h7xx_hal_dma.o)
                0x08003e68                HAL_DMA_GetError
 .text.HAL_GPIO_Init
                0x08003e6c      0x41c ../../libDaisy/build/libdaisy.a(stm32h7xx_hal_gpio.o)
                0x08003e6c                HAL_GPIO_Init
 .text.HAL_GPIO_DeInit
                0x08004288      0x258 ../../libDaisy/build/libdaisy.a(stm32h7xx_hal_gpio.o)
                0x08004288                HAL_GPIO_DeInit
 .text.HAL_GPIO_ReadPin
                0x080044e0        0xc ../../libDaisy/build/libdaisy.a(stm32h7xx_hal_gpio.o)
                0x080044e0                HAL_GPIO_ReadPin
 .text.HAL_GPIO_WritePin
                0x080044ec        0x8 ../../libDaisy/build/libdaisy.a(stm32h7xx_hal_gpio.o)
                0x080044ec                HAL_GPIO_WritePin
 .text.HAL_HCD_IRQHandler
                0x080044f4      0x764 ../../libDaisy/build/libdaisy.a(stm32h7xx_hal_hcd.o)
                0x080044f4                HAL_HCD_IRQHandler
 .text.HAL_HCD_Stop
                0x08004c58       0x28 ../../libDaisy/build/libdaisy.a(stm32h7xx_hal_hcd.o)
                0x08004c58                HAL_HCD_Stop
 .text.I2C_WaitOnTXISFlagUntilTimeout
                0x08004c80       0xbc ../../libDaisy/build/libdaisy.a(stm32h7xx_hal_i2c.o)
 .text.I2C_WaitOnSTOPFlagUntilTimeout
                0x08004d3c       0xa8 ../../libDaisy/build/libdaisy.a(stm32h7xx_hal_i2c.o)
 .text.HAL_I2C_Init
                0x08004de4       0xac ../../libDaisy/build/libdaisy.a(stm32h7xx_hal_i2c.o)
                0x08004de4                HAL_I2C_Init
 .text.HAL_I2C_Master_Transmit
                0x08004e90      0x198 ../../libDaisy/build/libdaisy.a(stm32h7xx_hal_i2c.o)
                0x08004e90                HAL_I2C_Master_Transmit
 .text.HAL_I2C_Slave_Transmit
                0x08005028      0x1cc ../../libDaisy/build/libdaisy.a(stm32h7xx_hal_i2c.o)
                0x08005028                HAL_I2C_Slave_Transmit
 .text.HAL_I2C_EV_IRQHandler
                0x080051f4       0x10 ../../libDaisy/build/libdaisy.a(stm32h7xx_hal_i2c.o)
                0x080051f4                HAL_I2C_EV_IRQHandler
 .text.HAL_I2C_GetState
                0x08005204        0x8 ../../libDaisy/build/libdaisy.a(stm32h7xx_hal_i2c.o)
                0x08005204                HAL_I2C_GetState
 .text.HAL_I2CEx_ConfigAnalogFilter
                0x0800520c       0x54 ../../libDaisy/build/libdaisy.a(stm32h7xx_hal_i2c_ex.o)
                0x0800520c                HAL_I2CEx_ConfigAnalogFilter
 .text.HAL_I2CEx_ConfigDigitalFilter
                0x08005260       0x58 ../../libDaisy/build/libdaisy.a(stm32h7xx_hal_i2c_ex.o)
                0x08005260                HAL_I2CEx_ConfigDigitalFilter
 .text.HAL_PCD_IRQHandler
                0x080052b8      0x6c4 ../../libDaisy/build/libdaisy.a(stm32h7xx_hal_pcd.o)
                0x080052b8                HAL_PCD_IRQHandler
 .text.HAL_PCD_SetAddress
                0x0800597c       0x2c ../../libDaisy/build/libdaisy.a(stm32h7xx_hal_pcd.o)
                0x0800597c                HAL_PCD_SetAddress
 .text.HAL_PCD_EP_Open
                0x080059a8       0x7c ../../libDaisy/build/libdaisy.a(stm32h7xx_hal_pcd.o)
                0x080059a8                HAL_PCD_EP_Open
 .text.HAL_PCD_EP_Receive
                0x08005a24       0x50 ../../libDaisy/build/libdaisy.a(stm32h7xx_hal_pcd.o)
                0x08005a24                HAL_PCD_EP_Receive
 .text.HAL_PCD_EP_Transmit
                0x08005a74       0x50 ../../libDaisy/build/libdaisy.a(stm32h7xx_hal_pcd.o)
                0x08005a74                HAL_PCD_EP_Transmit
 .text.HAL_PCD_EP_SetStall
                0x08005ac4       0x88 ../../libDaisy/build/libdaisy.a(stm32h7xx_hal_pcd.o)
                0x08005ac4                HAL_PCD_EP_SetStall
 .text.HAL_PCD_EP_ClrStall
                0x08005b4c       0x78 ../../libDaisy/build/libdaisy.a(stm32h7xx_hal_pcd.o)
                0x08005b4c                HAL_PCD_EP_ClrStall
 .text.HAL_PCDEx_LPM_Callback
                0x08005bc4        0x4 ../../libDaisy/build/libdaisy.a(stm32h7xx_hal_pcd_ex.o)
                0x08005bc4                HAL_PCDEx_LPM_Callback
 .text.HAL_PWREx_ConfigSupply
                0x08005bc8       0x4c ../../libDaisy/build/libdaisy.a(stm32h7xx_hal_pwr_ex.o)
                0x08005bc8                HAL_PWREx_ConfigSupply
 .text.HAL_PWREx_EnableUSBVoltageDetector
                0x08005c14       0x10 ../../libDaisy/build/libdaisy.a(stm32h7xx_hal_pwr_ex.o)
                0x08005c14                HAL_PWREx_EnableUSBVoltageDetector
 .text.QSPI_Config
                0x08005c24      0x188 ../../libDaisy/build/libdaisy.a(stm32h7xx_hal_qspi.o)
 .text.HAL_QSPI_Init
                0x08005dac       0xdc ../../libDaisy/build/libdaisy.a(stm32h7xx_hal_qspi.o)
                0x08005dac                HAL_QSPI_Init
 .text.HAL_QSPI_DeInit
                0x08005e88       0x3c ../../libDaisy/build/libdaisy.a(stm32h7xx_hal_qspi.o)
                0x08005e88                HAL_QSPI_DeInit
 .text.HAL_QSPI_Command
                0x08005ec4       0xdc ../../libDaisy/build/libdaisy.a(stm32h7xx_hal_qspi.o)
                0x08005ec4                HAL_QSPI_Command
 .text.HAL_QSPI_Transmit
                0x08005fa0      0x11c ../../libDaisy/build/libdaisy.a(stm32h7xx_hal_qspi.o)
                0x08005fa0                HAL_QSPI_Transmit
 .text.HAL_QSPI_Receive
                0x080060bc      0x128 ../../libDaisy/build/libdaisy.a(stm32h7xx_hal_qspi.o)
                0x080060bc                HAL_QSPI_Receive
 .text.HAL_QSPI_AutoPolling
                0x080061e4      0x11c ../../libDaisy/build/libdaisy.a(stm32h7xx_hal_qspi.o)
                0x080061e4                HAL_QSPI_AutoPolling
 .text.HAL_QSPI_MemoryMapped
                0x08006300       0xc4 ../../libDaisy/build/libdaisy.a(stm32h7xx_hal_qspi.o)
                0x08006300                HAL_QSPI_MemoryMapped
 .text.HAL_QSPI_ErrorCallback
                0x080063c4        0x4 ../../libDaisy/build/libdaisy.a(stm32h7xx_hal_qspi.o)
                0x080063c4                HAL_QSPI_ErrorCallback
 .text.QSPI_DMAAbortCplt
                0x080063c8       0x38 ../../libDaisy/build/libdaisy.a(stm32h7xx_hal_qspi.o)
 .text.HAL_QSPI_AbortCpltCallback
                0x08006400        0x4 ../../libDaisy/build/libdaisy.a(stm32h7xx_hal_qspi.o)
                0x08006400                HAL_QSPI_AbortCpltCallback
 .text.HAL_QSPI_CmdCpltCallback
                0x08006404        0x4 ../../libDaisy/build/libdaisy.a(stm32h7xx_hal_qspi.o)
                0x08006404                HAL_QSPI_CmdCpltCallback
 .text.HAL_QSPI_RxCpltCallback
                0x08006408        0x4 ../../libDaisy/build/libdaisy.a(stm32h7xx_hal_qspi.o)
                0x08006408                HAL_QSPI_RxCpltCallback
 .text.HAL_QSPI_TxCpltCallback
                0x0800640c        0x4 ../../libDaisy/build/libdaisy.a(stm32h7xx_hal_qspi.o)
                0x0800640c                HAL_QSPI_TxCpltCallback
 .text.HAL_QSPI_FifoThresholdCallback
                0x08006410        0x4 ../../libDaisy/build/libdaisy.a(stm32h7xx_hal_qspi.o)
                0x08006410                HAL_QSPI_FifoThresholdCallback
 .text.HAL_QSPI_StatusMatchCallback
                0x08006414        0x4 ../../libDaisy/build/libdaisy.a(stm32h7xx_hal_qspi.o)
                0x08006414                HAL_QSPI_StatusMatchCallback
 .text.HAL_QSPI_TimeOutCallback
                0x08006418        0x4 ../../libDaisy/build/libdaisy.a(stm32h7xx_hal_qspi.o)
                0x08006418                HAL_QSPI_TimeOutCallback
 .text.HAL_QSPI_IRQHandler
                0x0800641c      0x210 ../../libDaisy/build/libdaisy.a(stm32h7xx_hal_qspi.o)
                0x0800641c                HAL_QSPI_IRQHandler
 .text.HAL_RCC_OscConfig
                0x0800662c      0x518 ../../libDaisy/build/libdaisy.a(stm32h7xx_hal_rcc.o)
                0x0800662c                HAL_RCC_OscConfig
 .text.HAL_RCC_GetSysClockFreq
                0x08006b44      0x11c ../../libDaisy/build/libdaisy.a(stm32h7xx_hal_rcc.o)
                0x08006b44                HAL_RCC_GetSysClockFreq
 .text.HAL_RCC_ClockConfig
                0x08006c60      0x238 ../../libDaisy/build/libdaisy.a(stm32h7xx_hal_rcc.o)
                0x08006c60                HAL_RCC_ClockConfig
 .text.HAL_RCC_GetHCLKFreq
                0x08006e98       0x2c ../../libDaisy/build/libdaisy.a(stm32h7xx_hal_rcc.o)
                0x08006e98                HAL_RCC_GetHCLKFreq
 .text.HAL_RCC_GetPCLK1Freq
                0x08006ec4       0x38 ../../libDaisy/build/libdaisy.a(stm32h7xx_hal_rcc.o)
                0x08006ec4                HAL_RCC_GetPCLK1Freq
 .text.HAL_RCC_GetPCLK2Freq
                0x08006efc       0x38 ../../libDaisy/build/libdaisy.a(stm32h7xx_hal_rcc.o)
                0x08006efc                HAL_RCC_GetPCLK2Freq
 .text.RCCEx_PLL2_Config.part.0
                0x08006f34       0xe0 ../../libDaisy/build/libdaisy.a(stm32h7xx_hal_rcc_ex.o)
 .text.RCCEx_PLL3_Config.part.0
                0x08007014       0xe0 ../../libDaisy/build/libdaisy.a(stm32h7xx_hal_rcc_ex.o)
 .text.HAL_RCCEx_PeriphCLKConfig
                0x080070f4      0xcc4 ../../libDaisy/build/libdaisy.a(stm32h7xx_hal_rcc_ex.o)
                0x080070f4                HAL_RCCEx_PeriphCLKConfig
 .text.HAL_RCCEx_GetD3PCLK1Freq
                0x08007db8       0x24 ../../libDaisy/build/libdaisy.a(stm32h7xx_hal_rcc_ex.o)
                0x08007db8                HAL_RCCEx_GetD3PCLK1Freq
 .text.HAL_RCCEx_GetPLL2ClockFreq
                0x08007ddc      0x134 ../../libDaisy/build/libdaisy.a(stm32h7xx_hal_rcc_ex.o)
                0x08007ddc                HAL_RCCEx_GetPLL2ClockFreq
 .text.HAL_RCCEx_GetPLL3ClockFreq
                0x08007f10      0x134 ../../libDaisy/build/libdaisy.a(stm32h7xx_hal_rcc_ex.o)
                0x08007f10                HAL_RCCEx_GetPLL3ClockFreq
 .text.HAL_RCCEx_GetPLL1ClockFreq
                0x08008044      0x134 ../../libDaisy/build/libdaisy.a(stm32h7xx_hal_rcc_ex.o)
                0x08008044                HAL_RCCEx_GetPLL1ClockFreq
 .text.HAL_RCCEx_GetPeriphCLKFreq
                0x08008178      0x150 ../../libDaisy/build/libdaisy.a(stm32h7xx_hal_rcc_ex.o)
                0x08008178                HAL_RCCEx_GetPeriphCLKFreq
 .text.HAL_RCCEx_GetD1SysClockFreq
                0x080082c8       0x2c ../../libDaisy/build/libdaisy.a(stm32h7xx_hal_rcc_ex.o)
                0x080082c8                HAL_RCCEx_GetD1SysClockFreq
 .text.HAL_SAI_Init
                0x080082f4      0x380 ../../libDaisy/build/libdaisy.a(stm32h7xx_hal_sai.o)
                0x080082f4                HAL_SAI_Init
 .text.HAL_SAI_InitProtocol
                0x08008674      0x15c ../../libDaisy/build/libdaisy.a(stm32h7xx_hal_sai.o)
                0x08008674                HAL_SAI_InitProtocol
 .text.HAL_SDRAM_Init
                0x080087d0       0x54 ../../libDaisy/build/libdaisy.a(stm32h7xx_hal_sdram.o)
                0x080087d0                HAL_SDRAM_Init
 .text.HAL_SDRAM_SendCommand
                0x08008824       0x40 ../../libDaisy/build/libdaisy.a(stm32h7xx_hal_sdram.o)
                0x08008824                HAL_SDRAM_SendCommand
 .text.HAL_SDRAM_ProgramRefreshRate
                0x08008864       0x30 ../../libDaisy/build/libdaisy.a(stm32h7xx_hal_sdram.o)
                0x08008864                HAL_SDRAM_ProgramRefreshRate
 .text.FMC_SDRAM_Init
                0x08008894       0x6c ../../libDaisy/build/libdaisy.a(stm32h7xx_ll_fmc.o)
                0x08008894                FMC_SDRAM_Init
 .text.FMC_SDRAM_Timing_Init
                0x08008900       0x7c ../../libDaisy/build/libdaisy.a(stm32h7xx_ll_fmc.o)
                0x08008900                FMC_SDRAM_Timing_Init
 .text.FMC_SDRAM_SendCommand
                0x0800897c       0x28 ../../libDaisy/build/libdaisy.a(stm32h7xx_ll_fmc.o)
                0x0800897c                FMC_SDRAM_SendCommand
 .text.FMC_SDRAM_ProgramRefreshRate
                0x080089a4       0x14 ../../libDaisy/build/libdaisy.a(stm32h7xx_ll_fmc.o)
                0x080089a4                FMC_SDRAM_ProgramRefreshRate
 .text.USB_SetTurnaroundTime
                0x080089b8      0x104 ../../libDaisy/build/libdaisy.a(stm32h7xx_ll_usb.o)
                0x080089b8                USB_SetTurnaroundTime
 .text.USB_FlushTxFifo
                0x08008abc       0x34 ../../libDaisy/build/libdaisy.a(stm32h7xx_ll_usb.o)
                0x08008abc                USB_FlushTxFifo
 .text.USB_GetDevSpeed
                0x08008af0       0x24 ../../libDaisy/build/libdaisy.a(stm32h7xx_ll_usb.o)
                0x08008af0                USB_GetDevSpeed
 .text.USB_ActivateEndpoint
                0x08008b14       0x8c ../../libDaisy/build/libdaisy.a(stm32h7xx_ll_usb.o)
                0x08008b14                USB_ActivateEndpoint
 .text.USB_EPStartXfer
                0x08008ba0      0x214 ../../libDaisy/build/libdaisy.a(stm32h7xx_ll_usb.o)
                0x08008ba0                USB_EPStartXfer
 .text.USB_EP0StartXfer
                0x08008db4       0xf8 ../../libDaisy/build/libdaisy.a(stm32h7xx_ll_usb.o)
                0x08008db4                USB_EP0StartXfer
 .text.USB_WritePacket
                0x08008eac       0x2c ../../libDaisy/build/libdaisy.a(stm32h7xx_ll_usb.o)
                0x08008eac                USB_WritePacket
 .text.USB_ReadPacket
                0x08008ed8       0x20 ../../libDaisy/build/libdaisy.a(stm32h7xx_ll_usb.o)
                0x08008ed8                USB_ReadPacket
 .text.USB_EPSetStall
                0x08008ef8       0x70 ../../libDaisy/build/libdaisy.a(stm32h7xx_ll_usb.o)
                0x08008ef8                USB_EPSetStall
 .text.USB_EPClearStall
                0x08008f68       0x58 ../../libDaisy/build/libdaisy.a(stm32h7xx_ll_usb.o)
                0x08008f68                USB_EPClearStall
 .text.USB_SetDevAddress
                0x08008fc0       0x24 ../../libDaisy/build/libdaisy.a(stm32h7xx_ll_usb.o)
                0x08008fc0                USB_SetDevAddress
 .text.USB_ReadInterrupts
                0x08008fe4       0x14 ../../libDaisy/build/libdaisy.a(stm32h7xx_ll_usb.o)
                0x08008fe4                USB_ReadInterrupts
 .text.USB_ReadDevAllOutEpInterrupt
                0x08008ff8       0x1c ../../libDaisy/build/libdaisy.a(stm32h7xx_ll_usb.o)
                0x08008ff8                USB_ReadDevAllOutEpInterrupt
 .text.USB_ReadDevAllInEpInterrupt
                0x08009014       0x1c ../../libDaisy/build/libdaisy.a(stm32h7xx_ll_usb.o)
                0x08009014                USB_ReadDevAllInEpInterrupt
 .text.USB_ReadDevOutEPInterrupt
                0x08009030       0x1c ../../libDaisy/build/libdaisy.a(stm32h7xx_ll_usb.o)
                0x08009030                USB_ReadDevOutEPInterrupt
 .text.USB_ReadDevInEPInterrupt
                0x0800904c       0x38 ../../libDaisy/build/libdaisy.a(stm32h7xx_ll_usb.o)
                0x0800904c                USB_ReadDevInEPInterrupt
 .text.USB_GetMode
                0x08009084        0x8 ../../libDaisy/build/libdaisy.a(stm32h7xx_ll_usb.o)
                0x08009084                USB_GetMode
 .text.USB_ActivateSetup
                0x0800908c       0x34 ../../libDaisy/build/libdaisy.a(stm32h7xx_ll_usb.o)
                0x0800908c                USB_ActivateSetup
 .text.USB_EP0_OutStart
                0x080090c0       0x50 ../../libDaisy/build/libdaisy.a(stm32h7xx_ll_usb.o)
                0x080090c0                USB_EP0_OutStart
 .text.USB_InitFSLSPClkSel
                0x08009110       0x44 ../../libDaisy/build/libdaisy.a(stm32h7xx_ll_usb.o)
                0x08009110                USB_InitFSLSPClkSel
 .text.USB_HC_ReadInterrupt
                0x08009154        0x8 ../../libDaisy/build/libdaisy.a(stm32h7xx_ll_usb.o)
                0x08009154                USB_HC_ReadInterrupt
 .text.USB_HC_Halt
                0x0800915c       0xc0 ../../libDaisy/build/libdaisy.a(stm32h7xx_ll_usb.o)
                0x0800915c                USB_HC_Halt
 .text.USB_StopHost
                0x0800921c      0x2ec ../../libDaisy/build/libdaisy.a(stm32h7xx_ll_usb.o)
                0x0800921c                USB_StopHost
 .text.USBD_SetClassConfig
                0x08009508       0x1c ../../libDaisy/build/libdaisy.a(usbd_core.o)
                0x08009508                USBD_SetClassConfig
 .text.USBD_ClrClassConfig
                0x08009524       0x10 ../../libDaisy/build/libdaisy.a(usbd_core.o)
                0x08009524                USBD_ClrClassConfig
 .text.USBD_LL_SetupStage
                0x08009534       0x5c ../../libDaisy/build/libdaisy.a(usbd_core.o)
                0x08009534                USBD_LL_SetupStage
 .text.USBD_LL_DataOutStage
                0x08009590       0x74 ../../libDaisy/build/libdaisy.a(usbd_core.o)
                0x08009590                USBD_LL_DataOutStage
 .text.USBD_LL_DataInStage
                0x08009604       0xc4 ../../libDaisy/build/libdaisy.a(usbd_core.o)
                0x08009604                USBD_LL_DataInStage
 .text.USBD_LL_Reset
                0x080096c8       0x50 ../../libDaisy/build/libdaisy.a(usbd_core.o)
                0x080096c8                USBD_LL_Reset
 .text.USBD_LL_SetSpeed
                0x08009718        0x8 ../../libDaisy/build/libdaisy.a(usbd_core.o)
                0x08009718                USBD_LL_SetSpeed
 .text.USBD_LL_Suspend
                0x08009720       0x14 ../../libDaisy/build/libdaisy.a(usbd_core.o)
                0x08009720                USBD_LL_Suspend
 .text.USBD_LL_Resume
                0x08009734       0x10 ../../libDaisy/build/libdaisy.a(usbd_core.o)
                0x08009734                USBD_LL_Resume
 .text.USBD_LL_SOF
                0x08009744       0x1c ../../libDaisy/build/libdaisy.a(usbd_core.o)
                0x08009744                USBD_LL_SOF
 .text.USBD_LL_IsoINIncomplete
                0x08009760        0x4 ../../libDaisy/build/libdaisy.a(usbd_core.o)
                0x08009760                USBD_LL_IsoINIncomplete
 .text.USBD_LL_IsoOUTIncomplete
                0x08009764        0x4 ../../libDaisy/build/libdaisy.a(usbd_core.o)
                0x08009764                USBD_LL_IsoOUTIncomplete
 .text.USBD_LL_DevConnected
                0x08009768        0x4 ../../libDaisy/build/libdaisy.a(usbd_core.o)
                0x08009768                USBD_LL_DevConnected
 .text.USBD_LL_DevDisconnected
                0x0800976c       0x18 ../../libDaisy/build/libdaisy.a(usbd_core.o)
                0x0800976c                USBD_LL_DevDisconnected
 .text.USBD_StdDevReq
                0x08009784      0x300 ../../libDaisy/build/libdaisy.a(usbd_ctlreq.o)
                0x08009784                USBD_StdDevReq
 .text.USBD_StdItfReq
                0x08009a84       0x68 ../../libDaisy/build/libdaisy.a(usbd_ctlreq.o)
                0x08009a84                USBD_StdItfReq
 .text.USBD_StdEPReq
                0x08009aec      0x134 ../../libDaisy/build/libdaisy.a(usbd_ctlreq.o)
                0x08009aec                USBD_StdEPReq
 .text.USBD_ParseSetupRequest
                0x08009c20       0x18 ../../libDaisy/build/libdaisy.a(usbd_ctlreq.o)
                0x08009c20                USBD_ParseSetupRequest
 .text.USBD_CtlSendData
                0x08009c38       0x1c ../../libDaisy/build/libdaisy.a(usbd_ioreq.o)
                0x08009c38                USBD_CtlSendData
 .text.USBD_CtlContinueSendData
                0x08009c54       0x14 ../../libDaisy/build/libdaisy.a(usbd_ioreq.o)
                0x08009c54                USBD_CtlContinueSendData
 .text.USBD_CtlContinueRx
                0x08009c68       0x14 ../../libDaisy/build/libdaisy.a(usbd_ioreq.o)
                0x08009c68                USBD_CtlContinueRx
 .text.USBD_CtlSendStatus
                0x08009c7c       0x18 ../../libDaisy/build/libdaisy.a(usbd_ioreq.o)
                0x08009c7c                USBD_CtlSendStatus
 .text.USBD_CtlReceiveStatus
                0x08009c94       0x18 ../../libDaisy/build/libdaisy.a(usbd_ioreq.o)
                0x08009c94                USBD_CtlReceiveStatus
 .text.USBH_LL_IncTimer
                0x08009cac       0x20 ../../libDaisy/build/libdaisy.a(usbh_core.o)
                0x08009cac                USBH_LL_IncTimer
 .text.USBH_LL_PortEnabled
                0x08009ccc        0x8 ../../libDaisy/build/libdaisy.a(usbh_core.o)
                0x08009ccc                USBH_LL_PortEnabled
 .text.USBH_LL_PortDisabled
                0x08009cd4        0x8 ../../libDaisy/build/libdaisy.a(usbh_core.o)
                0x08009cd4                USBH_LL_PortDisabled
 .text.USBH_LL_Connect
                0x08009cdc       0x18 ../../libDaisy/build/libdaisy.a(usbh_core.o)
                0x08009cdc                USBH_LL_Connect
 .text.USBH_LL_Disconnect
                0x08009cf4       0x2c ../../libDaisy/build/libdaisy.a(usbh_core.o)
                0x08009cf4                USBH_LL_Disconnect
 .text.USBH_FreePipe
                0x08009d20       0x18 ../../libDaisy/build/libdaisy.a(usbh_pipes.o)
                0x08009d20                USBH_FreePipe
 .text._ZN5daisy6Random4InitEv
                0x08009d38       0x3c ../../libDaisy/build/libdaisy.a(rng.o)
                0x08009d38                daisy::Random::Init()
 .text._ZN5daisy9SpiHandle4Impl7InitDmaEv
                0x08009d74       0xec ../../libDaisy/build/libdaisy.a(spi.o)
                0x08009d74                daisy::SpiHandle::Impl::InitDma()
 .text._ZN5daisy9SpiHandle4Impl10StartDmaTxEPhjPFvPvEPFvS3_NS0_6ResultEES3_
                0x08009e60       0xbc ../../libDaisy/build/libdaisy.a(spi.o)
                0x08009e60                daisy::SpiHandle::Impl::StartDmaTx(unsigned char*, unsigned int, void (*)(void*), void (*)(void*, daisy::SpiHandle::Result), void*)
 .text._ZN5daisy9SpiHandle4Impl10StartDmaRxEPhjPFvPvEPFvS3_NS0_6ResultEES3_
                0x08009f1c       0xbc ../../libDaisy/build/libdaisy.a(spi.o)
                0x08009f1c                daisy::SpiHandle::Impl::StartDmaRx(unsigned char*, unsigned int, void (*)(void*), void (*)(void*, daisy::SpiHandle::Result), void*)
 .text._ZN5daisy9SpiHandle4Impl12StartDmaRxTxEPhS2_jPFvPvEPFvS3_NS0_6ResultEES3_
                0x08009fd8       0xbc ../../libDaisy/build/libdaisy.a(spi.o)
                0x08009fd8                daisy::SpiHandle::Impl::StartDmaRxTx(unsigned char*, unsigned char*, unsigned int, void (*)(void*), void (*)(void*, daisy::SpiHandle::Result), void*)
 .text._ZN5daisy9SpiHandle4Impl8InitPinsEv
                0x0800a094      0x214 ../../libDaisy/build/libdaisy.a(spi.o)
                0x0800a094                daisy::SpiHandle::Impl::InitPins()
 .text.HAL_SPI_MspInit
                0x0800a2a8      0x1a8 ../../libDaisy/build/libdaisy.a(spi.o)
                0x0800a2a8                HAL_SPI_MspInit
 .text.dsy_spi_global_init
                0x0800a450       0x80 ../../libDaisy/build/libdaisy.a(spi.o)
                0x0800a450                dsy_spi_global_init
 .text.SPI1_IRQHandler
                0x0800a4d0        0xc ../../libDaisy/build/libdaisy.a(spi.o)
                0x0800a4d0                SPI1_IRQHandler
 .text.SPI2_IRQHandler
                0x0800a4dc        0xc ../../libDaisy/build/libdaisy.a(spi.o)
                0x0800a4dc                SPI2_IRQHandler
 .text.SPI3_IRQHandler
                0x0800a4e8        0xc ../../libDaisy/build/libdaisy.a(spi.o)
                0x0800a4e8                SPI3_IRQHandler
 .text.SPI4_IRQHandler
                0x0800a4f4        0xc ../../libDaisy/build/libdaisy.a(spi.o)
                0x0800a4f4                SPI4_IRQHandler
 .text.SPI5_IRQHandler
                0x0800a500        0xc ../../libDaisy/build/libdaisy.a(spi.o)
                0x0800a500                SPI5_IRQHandler
 .text.DMA2_Stream2_IRQHandler
                0x0800a50c       0x34 ../../libDaisy/build/libdaisy.a(spi.o)
                0x0800a50c                DMA2_Stream2_IRQHandler
 .text.DMA2_Stream3_IRQHandler
                0x0800a540       0x34 ../../libDaisy/build/libdaisy.a(spi.o)
                0x0800a540                DMA2_Stream3_IRQHandler
 .text.HAL_SPI_TxCpltCallback
                0x0800a574       0xc0 ../../libDaisy/build/libdaisy.a(spi.o)
                0x0800a574                HAL_SPI_TxCpltCallback
 .text.HAL_SPI_RxCpltCallback
                0x0800a634       0xc0 ../../libDaisy/build/libdaisy.a(spi.o)
                0x0800a634                HAL_SPI_RxCpltCallback
 .text.HAL_SPI_TxRxCpltCallback
                0x0800a6f4       0xc0 ../../libDaisy/build/libdaisy.a(spi.o)
                0x0800a6f4                HAL_SPI_TxRxCpltCallback
 .text.HAL_SPI_ErrorCallback
                0x0800a7b4       0xc4 ../../libDaisy/build/libdaisy.a(spi.o)
                0x0800a7b4                HAL_SPI_ErrorCallback
 .text.startup._GLOBAL__sub_I__Z19MapInstanceToHandleP11SPI_TypeDef
                0x0800a878      0x1bc ../../libDaisy/build/libdaisy.a(spi.o)
 .text.HAL_TIM_Base_MspInit
                0x0800aa34      0x19c ../../libDaisy/build/libdaisy.a(tim.o)
                0x0800aa34                HAL_TIM_Base_MspInit
 .text.HAL_TIM_PeriodElapsedCallback
                0x0800abd0       0x44 ../../libDaisy/build/libdaisy.a(tim.o)
                0x0800abd0                HAL_TIM_PeriodElapsedCallback
 .text.TIM2_IRQHandler
                0x0800ac14        0xc ../../libDaisy/build/libdaisy.a(tim.o)
                0x0800ac14                TIM2_IRQHandler
 .text.TIM3_IRQHandler
                0x0800ac20        0xc ../../libDaisy/build/libdaisy.a(tim.o)
                0x0800ac20                TIM3_IRQHandler
 .text.TIM4_IRQHandler
                0x0800ac2c        0xc ../../libDaisy/build/libdaisy.a(tim.o)
                0x0800ac2c                TIM4_IRQHandler
 .text.TIM5_IRQHandler
                0x0800ac38        0xc ../../libDaisy/build/libdaisy.a(tim.o)
                0x0800ac38                TIM5_IRQHandler
 .text._ZN5daisy11TimerHandle4InitERKNS0_6ConfigE
                0x0800ac44       0xd0 ../../libDaisy/build/libdaisy.a(tim.o)
                0x0800ac44                daisy::TimerHandle::Init(daisy::TimerHandle::Config const&)
 .text._ZN5daisy11TimerHandle5StartEv
                0x0800ad14       0x24 ../../libDaisy/build/libdaisy.a(tim.o)
                0x0800ad14                daisy::TimerHandle::Start()
 .text.startup._GLOBAL__sub_I__ZN5daisy11TimerHandle4Impl4InitERKNS0_6ConfigE
                0x0800ad38       0x44 ../../libDaisy/build/libdaisy.a(tim.o)
 .text._ZL20UART_CheckRxListenerPN5daisy11UartHandler4ImplE
                0x0800ad7c       0x84 ../../libDaisy/build/libdaisy.a(uart.o)
 .text._ZN5daisy11UartHandler4Impl10StartDmaTxEPhjPFvPvEPFvS3_NS0_6ResultEES3_
                0x0800ae00      0x174 ../../libDaisy/build/libdaisy.a(uart.o)
                0x0800ae00                daisy::UartHandler::Impl::StartDmaTx(unsigned char*, unsigned int, void (*)(void*), void (*)(void*, daisy::UartHandler::Result), void*)
 .text._ZN5daisy11UartHandler4Impl10StartDmaRxEPhjPFvPvEPFvS3_NS0_6ResultEES3_
                0x0800af74      0x174 ../../libDaisy/build/libdaisy.a(uart.o)
                0x0800af74                daisy::UartHandler::Impl::StartDmaRx(unsigned char*, unsigned int, void (*)(void*), void (*)(void*, daisy::UartHandler::Result), void*)
 .text._ZN5daisy11UartHandler4Impl19DmaTransferFinishedEP20__UART_HandleTypeDefNS0_6ResultE
                0x0800b0e8       0xc0 ../../libDaisy/build/libdaisy.a(uart.o)
                0x0800b0e8                daisy::UartHandler::Impl::DmaTransferFinished(__UART_HandleTypeDef*, daisy::UartHandler::Result)
 .text._ZN5daisy11UartHandler4Impl8InitPinsEv
                0x0800b1a8      0x154 ../../libDaisy/build/libdaisy.a(uart.o)
                0x0800b1a8                daisy::UartHandler::Impl::InitPins()
 .text.HAL_UART_MspInit
                0x0800b2fc      0x210 ../../libDaisy/build/libdaisy.a(uart.o)
                0x0800b2fc                HAL_UART_MspInit
 .text.dsy_uart_global_init
                0x0800b50c       0xfc ../../libDaisy/build/libdaisy.a(uart.o)
                0x0800b50c                dsy_uart_global_init
 .text.USART1_IRQHandler
                0x0800b608       0x30 ../../libDaisy/build/libdaisy.a(uart.o)
                0x0800b608                USART1_IRQHandler
 .text.USART2_IRQHandler
                0x0800b638       0x38 ../../libDaisy/build/libdaisy.a(uart.o)
                0x0800b638                USART2_IRQHandler
 .text.USART3_IRQHandler
                0x0800b670       0x38 ../../libDaisy/build/libdaisy.a(uart.o)
                0x0800b670                USART3_IRQHandler
 .text.UART4_IRQHandler
                0x0800b6a8       0x38 ../../libDaisy/build/libdaisy.a(uart.o)
                0x0800b6a8                UART4_IRQHandler
 .text.UART5_IRQHandler
                0x0800b6e0       0x38 ../../libDaisy/build/libdaisy.a(uart.o)
                0x0800b6e0                UART5_IRQHandler
 .text.USART6_IRQHandler
                0x0800b718       0x38 ../../libDaisy/build/libdaisy.a(uart.o)
                0x0800b718                USART6_IRQHandler
 .text.UART7_IRQHandler
                0x0800b750       0x38 ../../libDaisy/build/libdaisy.a(uart.o)
                0x0800b750                UART7_IRQHandler
 .text.UART8_IRQHandler
                0x0800b788       0x38 ../../libDaisy/build/libdaisy.a(uart.o)
                0x0800b788                UART8_IRQHandler
 .text.LPUART1_IRQHandler
                0x0800b7c0       0x38 ../../libDaisy/build/libdaisy.a(uart.o)
                0x0800b7c0                LPUART1_IRQHandler
 .text.DMA1_Stream5_IRQHandler
                0x0800b7f8       0x34 ../../libDaisy/build/libdaisy.a(uart.o)
                0x0800b7f8                DMA1_Stream5_IRQHandler
 .text.DMA2_Stream4_IRQHandler
                0x0800b82c       0x34 ../../libDaisy/build/libdaisy.a(uart.o)
                0x0800b82c                DMA2_Stream4_IRQHandler
 .text.HAL_UART_TxCpltCallback
                0x0800b860        0x8 ../../libDaisy/build/libdaisy.a(uart.o)
                0x0800b860                HAL_UART_TxCpltCallback
 .text.HAL_UART_RxCpltCallback
                0x0800b868       0x94 ../../libDaisy/build/libdaisy.a(uart.o)
                0x0800b868                HAL_UART_RxCpltCallback
 .text.HAL_UART_RxHalfCpltCallback
                0x0800b8fc       0x90 ../../libDaisy/build/libdaisy.a(uart.o)
                0x0800b8fc                HAL_UART_RxHalfCpltCallback
 .text.HAL_UART_ErrorCallback
                0x0800b98c        0x8 ../../libDaisy/build/libdaisy.a(uart.o)
                0x0800b98c                HAL_UART_ErrorCallback
 *fill*         0x0800b994        0x4 
 .text.startup._GLOBAL__sub_I__Z19MapInstanceToHandleP13USART_TypeDef
                0x0800b998      0x19c ../../libDaisy/build/libdaisy.a(uart.o)
 .text.dsy_dma_init
                0x0800bb34      0x100 ../../libDaisy/build/libdaisy.a(dma.o)
                0x0800bb34                dsy_dma_init
 .text.dsy_dma_invalidate_cache_for_buffer
                0x0800bc34       0x2c ../../libDaisy/build/libdaisy.a(dma.o)
                0x0800bc34                dsy_dma_invalidate_cache_for_buffer
 .text.HAL_MDMA_Abort_IT
                0x0800bc60       0x28 ../../libDaisy/build/libdaisy.a(stm32h7xx_hal_mdma.o)
                0x0800bc60                HAL_MDMA_Abort_IT
 .text.SPI_CloseTransfer
                0x0800bc88       0xb8 ../../libDaisy/build/libdaisy.a(stm32h7xx_hal_spi.o)
 .text.HAL_SPI_Init
                0x0800bd40      0x154 ../../libDaisy/build/libdaisy.a(stm32h7xx_hal_spi.o)
                0x0800bd40                HAL_SPI_Init
 .text.HAL_SPI_Transmit_DMA
                0x0800be94      0x160 ../../libDaisy/build/libdaisy.a(stm32h7xx_hal_spi.o)
                0x0800be94                HAL_SPI_Transmit_DMA
 .text.HAL_SPI_TransmitReceive_DMA
                0x0800bff4      0x1fc ../../libDaisy/build/libdaisy.a(stm32h7xx_hal_spi.o)
                0x0800bff4                HAL_SPI_TransmitReceive_DMA
 .text.HAL_SPI_Receive_DMA
                0x0800c1f0      0x198 ../../libDaisy/build/libdaisy.a(stm32h7xx_hal_spi.o)
                0x0800c1f0                HAL_SPI_Receive_DMA
 .text.SPI_DMATransmitCplt
                0x0800c388       0x28 ../../libDaisy/build/libdaisy.a(stm32h7xx_hal_spi.o)
 .text.SPI_DMAReceiveCplt
                0x0800c3b0       0x28 ../../libDaisy/build/libdaisy.a(stm32h7xx_hal_spi.o)
 .text.SPI_DMATransmitReceiveCplt
                0x0800c3d8       0x28 ../../libDaisy/build/libdaisy.a(stm32h7xx_hal_spi.o)
 .text.HAL_SPI_TxHalfCpltCallback
                0x0800c400        0x4 ../../libDaisy/build/libdaisy.a(stm32h7xx_hal_spi.o)
                0x0800c400                HAL_SPI_TxHalfCpltCallback
 .text.SPI_DMAHalfTransmitCplt
                0x0800c404        0xc ../../libDaisy/build/libdaisy.a(stm32h7xx_hal_spi.o)
 .text.HAL_SPI_RxHalfCpltCallback
                0x0800c410        0x4 ../../libDaisy/build/libdaisy.a(stm32h7xx_hal_spi.o)
                0x0800c410                HAL_SPI_RxHalfCpltCallback
 .text.SPI_DMAHalfReceiveCplt
                0x0800c414        0xc ../../libDaisy/build/libdaisy.a(stm32h7xx_hal_spi.o)
 .text.HAL_SPI_TxRxHalfCpltCallback
                0x0800c420        0x4 ../../libDaisy/build/libdaisy.a(stm32h7xx_hal_spi.o)
                0x0800c420                HAL_SPI_TxRxHalfCpltCallback
 .text.SPI_DMAHalfTransmitReceiveCplt
                0x0800c424        0xc ../../libDaisy/build/libdaisy.a(stm32h7xx_hal_spi.o)
 .text.SPI_DMAError
                0x0800c430       0xd8 ../../libDaisy/build/libdaisy.a(stm32h7xx_hal_spi.o)
 .text.HAL_SPI_IRQHandler
                0x0800c508      0x238 ../../libDaisy/build/libdaisy.a(stm32h7xx_hal_spi.o)
                0x0800c508                HAL_SPI_IRQHandler
 .text.SPI_DMAAbortOnError
                0x0800c740       0x1c ../../libDaisy/build/libdaisy.a(stm32h7xx_hal_spi.o)
 .text.HAL_SPI_GetState
                0x0800c75c        0x8 ../../libDaisy/build/libdaisy.a(stm32h7xx_hal_spi.o)
                0x0800c75c                HAL_SPI_GetState
 .text.HAL_TIM_Base_Init
                0x0800c764      0x114 ../../libDaisy/build/libdaisy.a(stm32h7xx_hal_tim.o)
                0x0800c764                HAL_TIM_Base_Init
 .text.HAL_TIM_Base_Start
                0x0800c878       0x34 ../../libDaisy/build/libdaisy.a(stm32h7xx_hal_tim.o)
                0x0800c878                HAL_TIM_Base_Start
 .text.HAL_TIM_Base_Start_IT
                0x0800c8ac       0x2c ../../libDaisy/build/libdaisy.a(stm32h7xx_hal_tim.o)
                0x0800c8ac                HAL_TIM_Base_Start_IT
 .text.HAL_TIM_ConfigClockSource
                0x0800c8d8      0x17c ../../libDaisy/build/libdaisy.a(stm32h7xx_hal_tim.o)
                0x0800c8d8                HAL_TIM_ConfigClockSource
 .text.HAL_TIM_OC_DelayElapsedCallback
                0x0800ca54        0x4 ../../libDaisy/build/libdaisy.a(stm32h7xx_hal_tim.o)
                0x0800ca54                HAL_TIM_OC_DelayElapsedCallback
 .text.HAL_TIM_IC_CaptureCallback
                0x0800ca58        0x4 ../../libDaisy/build/libdaisy.a(stm32h7xx_hal_tim.o)
                0x0800ca58                HAL_TIM_IC_CaptureCallback
 .text.HAL_TIM_PWM_PulseFinishedCallback
                0x0800ca5c        0x4 ../../libDaisy/build/libdaisy.a(stm32h7xx_hal_tim.o)
                0x0800ca5c                HAL_TIM_PWM_PulseFinishedCallback
 .text.HAL_TIM_TriggerCallback
                0x0800ca60        0x4 ../../libDaisy/build/libdaisy.a(stm32h7xx_hal_tim.o)
                0x0800ca60                HAL_TIM_TriggerCallback
 .text.HAL_TIM_IRQHandler
                0x0800ca64      0x170 ../../libDaisy/build/libdaisy.a(stm32h7xx_hal_tim.o)
                0x0800ca64                HAL_TIM_IRQHandler
 .text.HAL_TIMEx_MasterConfigSynchronization
                0x0800cbd4       0x64 ../../libDaisy/build/libdaisy.a(stm32h7xx_hal_tim_ex.o)
                0x0800cbd4                HAL_TIMEx_MasterConfigSynchronization
 .text.HAL_TIMEx_CommutCallback
                0x0800cc38        0x4 ../../libDaisy/build/libdaisy.a(stm32h7xx_hal_tim_ex.o)
                0x0800cc38                HAL_TIMEx_CommutCallback
 .text.HAL_TIMEx_BreakCallback
                0x0800cc3c        0x4 ../../libDaisy/build/libdaisy.a(stm32h7xx_hal_tim_ex.o)
                0x0800cc3c                HAL_TIMEx_BreakCallback
 .text.HAL_TIMEx_Break2Callback
                0x0800cc40        0x4 ../../libDaisy/build/libdaisy.a(stm32h7xx_hal_tim_ex.o)
                0x0800cc40                HAL_TIMEx_Break2Callback
 .text.HAL_UART_Transmit_DMA
                0x0800cc44       0x90 ../../libDaisy/build/libdaisy.a(stm32h7xx_hal_uart.o)
                0x0800cc44                HAL_UART_Transmit_DMA
 .text.HAL_UART_Receive_DMA
                0x0800ccd4       0x9c ../../libDaisy/build/libdaisy.a(stm32h7xx_hal_uart.o)
                0x0800ccd4                HAL_UART_Receive_DMA
 .text.UART_DMATransmitCplt
                0x0800cd70       0x2c ../../libDaisy/build/libdaisy.a(stm32h7xx_hal_uart.o)
 .text.HAL_UART_TxHalfCpltCallback
                0x0800cd9c        0x4 ../../libDaisy/build/libdaisy.a(stm32h7xx_hal_uart.o)
                0x0800cd9c                HAL_UART_TxHalfCpltCallback
 .text.UART_DMATxHalfCplt
                0x0800cda0        0xc ../../libDaisy/build/libdaisy.a(stm32h7xx_hal_uart.o)
 .text.UART_DMAReceiveCplt
                0x0800cdac       0x38 ../../libDaisy/build/libdaisy.a(stm32h7xx_hal_uart.o)
 .text.UART_DMARxHalfCplt
                0x0800cde4        0xc ../../libDaisy/build/libdaisy.a(stm32h7xx_hal_uart.o)
 .text.UART_DMAError
                0x0800cdf0       0x78 ../../libDaisy/build/libdaisy.a(stm32h7xx_hal_uart.o)
 .text.HAL_UART_IRQHandler
                0x0800ce68      0x1e4 ../../libDaisy/build/libdaisy.a(stm32h7xx_hal_uart.o)
                0x0800ce68                HAL_UART_IRQHandler
 .text.UART_DMAAbortOnError
                0x0800d04c       0x14 ../../libDaisy/build/libdaisy.a(stm32h7xx_hal_uart.o)
 .text.HAL_UART_GetState
                0x0800d060        0xc ../../libDaisy/build/libdaisy.a(stm32h7xx_hal_uart.o)
                0x0800d060                HAL_UART_GetState
 .text.UART_SetConfig
                0x0800d06c      0x82c ../../libDaisy/build/libdaisy.a(stm32h7xx_hal_uart.o)
                0x0800d06c                UART_SetConfig
 .text.UART_AdvFeatureConfig
                0x0800d898       0xb0 ../../libDaisy/build/libdaisy.a(stm32h7xx_hal_uart.o)
                0x0800d898                UART_AdvFeatureConfig
 .text.UART_CheckIdleState
                0x0800d948       0x80 ../../libDaisy/build/libdaisy.a(stm32h7xx_hal_uart.o)
                0x0800d948                UART_CheckIdleState
 .text.HAL_UART_Init
                0x0800d9c8       0x68 ../../libDaisy/build/libdaisy.a(stm32h7xx_hal_uart.o)
                0x0800d9c8                HAL_UART_Init
 .text.HAL_UARTEx_WakeupCallback
                0x0800da30        0x4 ../../libDaisy/build/libdaisy.a(stm32h7xx_hal_uart_ex.o)
                0x0800da30                HAL_UARTEx_WakeupCallback
 .text.HAL_UARTEx_RxFifoFullCallback
                0x0800da34        0x4 ../../libDaisy/build/libdaisy.a(stm32h7xx_hal_uart_ex.o)
                0x0800da34                HAL_UARTEx_RxFifoFullCallback
 .text.HAL_UARTEx_TxFifoEmptyCallback
                0x0800da38        0x4 ../../libDaisy/build/libdaisy.a(stm32h7xx_hal_uart_ex.o)
                0x0800da38                HAL_UARTEx_TxFifoEmptyCallback
 .text.__aeabi_atexit
                0x0800da3c        0xa /usr/lib/gcc/arm-none-eabi/13.2.1/../../../arm-none-eabi/lib/thumb/v7e-m+dp/hard/libstdc++_nano.a(atexit_arm.o)
                0x0800da3c                __aeabi_atexit
 *(.rodata)
 *fill*         0x0800da46        0x2 
 .rodata        0x0800da48       0x10 ../../libDaisy/build/libdaisy.a(i2c.o)
 .rodata        0x0800da58       0x10 ../../libDaisy/build/libdaisy.a(tim.o)
 .rodata        0x0800da68       0x12 ../../libDaisy/build/libdaisy.a(uart.o)
 *fill*         0x0800da7a        0x2 
 .rodata        0x0800da7c        0x4 /usr/lib/gcc/arm-none-eabi/13.2.1/../../../arm-none-eabi/lib/thumb/v7e-m+dp/hard/libc_nano.a(libc_a-on_exit_args.o)
                0x0800da7c                __on_exit_args
 *(.rodata*)
 .rodata.CSWTCH.44
                0x0800da80       0x14 ../../libDaisy/build/libdaisy.a(sai.o)
 .rodata.CSWTCH.36
                0x0800da94        0xc ../../libDaisy/build/libdaisy.a(sai.o)
 .rodata.CSWTCH.35
                0x0800daa0        0x3 ../../libDaisy/build/libdaisy.a(sai.o)
 *fill*         0x0800daa3        0x1 
 .rodata.D1CorePrescTable
                0x0800daa4       0x10 ../../libDaisy/build/libdaisy.a(system_stm32h7xx.o)
                0x0800daa4                D1CorePrescTable
 .rodata.gpio_hal_pin_map
                0x0800dab4       0x20 ../../libDaisy/build/libdaisy.a(hal_map.o)
 .rodata.gpio_hal_port_map
                0x0800dad4       0x30 ../../libDaisy/build/libdaisy.a(hal_map.o)
 .rodata.flagBitshiftOffset.0
                0x0800db04        0x8 ../../libDaisy/build/libdaisy.a(stm32h7xx_hal_dma.o)
 .rodata._ZL16pins_periphs_spi
                0x0800db0c       0x60 ../../libDaisy/build/libdaisy.a(spi.o)
 .rodata._ZL13pins_none_spi
                0x0800db6c        0x3 ../../libDaisy/build/libdaisy.a(spi.o)
 *fill*         0x0800db6f        0x1 
 .rodata.CSWTCH.425
                0x0800db70       0x58 ../../libDaisy/build/libdaisy.a(stm32h7xx_hal_uart.o)
 .rodata.CSWTCH.418
                0x0800dbc8       0x2c ../../libDaisy/build/libdaisy.a(stm32h7xx_hal_uart.o)
 *(.glue_7)
 .glue_7        0x0800dbf4        0x0 linker stubs
 *(.glue_7t)
 .glue_7t       0x0800dbf4        0x0 linker stubs
 *(.init)
 .init          0x0800dbf4        0x4 /usr/lib/gcc/arm-none-eabi/13.2.1/thumb/v7e-m+dp/hard/crti.o
                0x0800dbf4                _init
 .init          0x0800dbf8        0x8 /usr/lib/gcc/arm-none-eabi/13.2.1/thumb/v7e-m+dp/hard/crtn.o
 *(.fini)
 .fini          0x0800dc00        0x4 /usr/lib/gcc/arm-none-eabi/13.2.1/thumb/v7e-m+dp/hard/crti.o
                0x0800dc00                _fini
 .fini          0x0800dc04        0x8 /usr/lib/gcc/arm-none-eabi/13.2.1/thumb/v7e-m+dp/hard/crtn.o
                0x0800dc0c                        . = ALIGN (0x4)
                0x0800dc0c                        _etext = .

.eh_frame       0x0800dc0c        0x0
 .eh_frame      0x0800dc0c        0x0 /usr/lib/gcc/arm-none-eabi/13.2.1/thumb/v7e-m+dp/hard/crtbegin.o

.vfp11_veneer   0x0800dc0c        0x0
 .vfp11_veneer  0x0800dc0c        0x0 linker stubs

.v4_bx          0x0800dc0c        0x0
 .v4_bx         0x0800dc0c        0x0 linker stubs

.iplt           0x0800dc0c        0x0
 .iplt          0x0800dc0c        0x0 /usr/lib/gcc/arm-none-eabi/13.2.1/thumb/v7e-m+dp/hard/crtbegin.o

.ARM.extab      0x0800dc0c        0x0
                0x0800dc0c                        . = ALIGN (0x4)
 *(.ARM.extab)
 *(.gnu.linkonce.armextab.*)
                0x0800dc0c                        . = ALIGN (0x4)

.exidx          0x0800dc0c        0x8
                0x0800dc0c                        . = ALIGN (0x4)
                [!provide]                        PROVIDE (__exidx_start = .)
 *(.ARM.exidx*)
 .ARM.exidx     0x0800dc0c        0x8 /usr/lib/gcc/arm-none-eabi/13.2.1/../../../arm-none-eabi/lib/thumb/v7e-m+dp/hard/libc_nano.a(libc_a-memcpy.o)
 .ARM.exidx     0x0800dc14        0x0 /usr/lib/gcc/arm-none-eabi/13.2.1/thumb/v7e-m+dp/hard/libgcc.a(_udivmoddi4.o)
                                  0x8 (size before relaxing)
                0x0800dc14                        . = ALIGN (0x4)
                [!provide]                        PROVIDE (__exidx_end = .)

.rel.dyn        0x0800dc14        0x0
 .rel.iplt      0x0800dc14        0x0 /usr/lib/gcc/arm-none-eabi/13.2.1/thumb/v7e-m+dp/hard/crtbegin.o

.ARM.attributes
                0x0800dc14       0x2e
 *(.ARM.attributes)
 .ARM.attributes
                0x0800dc14       0x20 /usr/lib/gcc/arm-none-eabi/13.2.1/thumb/v7e-m+dp/hard/crti.o
 .ARM.attributes
                0x0800dc34       0x32 /usr/lib/gcc/arm-none-eabi/13.2.1/thumb/v7e-m+dp/hard/crtbegin.o
 .ARM.attributes
                0x0800dc66       0x32 build/startup_stm32h750xx.o
 .ARM.attributes
                0x0800dc98       0x32 build/Blink.o
 .ARM.attributes
                0x0800dcca       0x32 ../../libDaisy/build/libdaisy.a(daisy_seed.o)
 .ARM.attributes
                0x0800dcfc       0x32 ../../libDaisy/build/libdaisy.a(codec_ak4556.o)
 .ARM.attributes
                0x0800dd2e       0x32 ../../libDaisy/build/libdaisy.a(codec_wm8731.o)
 .ARM.attributes
                0x0800dd60       0x32 ../../libDaisy/build/libdaisy.a(sdram.o)
 .ARM.attributes
                0x0800dd92       0x32 ../../libDaisy/build/libdaisy.a(audio.o)
 .ARM.attributes
                0x0800ddc4       0x32 ../../libDaisy/build/libdaisy.a(gpio.o)
 .ARM.attributes
                0x0800ddf6       0x32 ../../libDaisy/build/libdaisy.a(i2c.o)
 .ARM.attributes
                0x0800de28       0x32 ../../libDaisy/build/libdaisy.a(qspi.o)
 .ARM.attributes
                0x0800de5a       0x32 ../../libDaisy/build/libdaisy.a(sai.o)
 .ARM.attributes
                0x0800de8c       0x32 ../../libDaisy/build/libdaisy.a(system.o)
 .ARM.attributes
                0x0800debe       0x32 ../../libDaisy/build/libdaisy.a(system_stm32h7xx.o)
 .ARM.attributes
                0x0800def0       0x32 ../../libDaisy/build/libdaisy.a(usbd_conf.o)
 .ARM.attributes
                0x0800df22       0x32 ../../libDaisy/build/libdaisy.a(usbh_conf.o)
 .ARM.attributes
                0x0800df54       0x32 ../../libDaisy/build/libdaisy.a(hal_map.o)
 .ARM.attributes
                0x0800df86       0x32 ../../libDaisy/build/libdaisy.a(stm32h7xx_hal.o)
 .ARM.attributes
                0x0800dfb8       0x32 ../../libDaisy/build/libdaisy.a(stm32h7xx_hal_cortex.o)
 .ARM.attributes
                0x0800dfea       0x32 ../../libDaisy/build/libdaisy.a(stm32h7xx_hal_dma.o)
 .ARM.attributes
                0x0800e01c       0x32 ../../libDaisy/build/libdaisy.a(stm32h7xx_hal_gpio.o)
 .ARM.attributes
                0x0800e04e       0x32 ../../libDaisy/build/libdaisy.a(stm32h7xx_hal_hcd.o)
 .ARM.attributes
                0x0800e080       0x32 ../../libDaisy/build/libdaisy.a(stm32h7xx_hal_i2c.o)
 .ARM.attributes
                0x0800e0b2       0x32 ../../libDaisy/build/libdaisy.a(stm32h7xx_hal_i2c_ex.o)
 .ARM.attributes
                0x0800e0e4       0x32 ../../libDaisy/build/libdaisy.a(stm32h7xx_hal_pcd.o)
 .ARM.attributes
                0x0800e116       0x32 ../../libDaisy/build/libdaisy.a(stm32h7xx_hal_pcd_ex.o)
 .ARM.attributes
                0x0800e148       0x32 ../../libDaisy/build/libdaisy.a(stm32h7xx_hal_pwr_ex.o)
 .ARM.attributes
                0x0800e17a       0x32 ../../libDaisy/build/libdaisy.a(stm32h7xx_hal_qspi.o)
 .ARM.attributes
                0x0800e1ac       0x32 ../../libDaisy/build/libdaisy.a(stm32h7xx_hal_rcc.o)
 .ARM.attributes
                0x0800e1de       0x32 ../../libDaisy/build/libdaisy.a(stm32h7xx_hal_rcc_ex.o)
 .ARM.attributes
                0x0800e210       0x32 ../../libDaisy/build/libdaisy.a(stm32h7xx_hal_sai.o)
 .ARM.attributes
                0x0800e242       0x32 ../../libDaisy/build/libdaisy.a(stm32h7xx_hal_sdram.o)
 .ARM.attributes
                0x0800e274       0x32 ../../libDaisy/build/libdaisy.a(stm32h7xx_ll_fmc.o)
 .ARM.attributes
                0x0800e2a6       0x32 ../../libDaisy/build/libdaisy.a(stm32h7xx_ll_usb.o)
 .ARM.attributes
                0x0800e2d8       0x32 ../../libDaisy/build/libdaisy.a(usbd_core.o)
 .ARM.attributes
                0x0800e30a       0x32 ../../libDaisy/build/libdaisy.a(usbd_ctlreq.o)
 .ARM.attributes
                0x0800e33c       0x32 ../../libDaisy/build/libdaisy.a(usbd_ioreq.o)
 .ARM.attributes
                0x0800e36e       0x32 ../../libDaisy/build/libdaisy.a(usbh_core.o)
 .ARM.attributes
                0x0800e3a0       0x32 ../../libDaisy/build/libdaisy.a(usbh_pipes.o)
 .ARM.attributes
                0x0800e3d2       0x32 ../../libDaisy/build/libdaisy.a(rng.o)
 .ARM.attributes
                0x0800e404       0x32 ../../libDaisy/build/libdaisy.a(spi.o)
 .ARM.attributes
                0x0800e436       0x32 ../../libDaisy/build/libdaisy.a(tim.o)
 .ARM.attributes
                0x0800e468       0x32 ../../libDaisy/build/libdaisy.a(uart.o)
 .ARM.attributes
                0x0800e49a       0x32 ../../libDaisy/build/libdaisy.a(dma.o)
 .ARM.attributes
                0x0800e4cc       0x32 ../../libDaisy/build/libdaisy.a(stm32h7xx_hal_mdma.o)
 .ARM.attributes
                0x0800e4fe       0x32 ../../libDaisy/build/libdaisy.a(stm32h7xx_hal_spi.o)
 .ARM.attributes
                0x0800e530       0x32 ../../libDaisy/build/libdaisy.a(stm32h7xx_hal_tim.o)
 .ARM.attributes
                0x0800e562       0x32 ../../libDaisy/build/libdaisy.a(stm32h7xx_hal_tim_ex.o)
 .ARM.attributes
                0x0800e594       0x32 ../../libDaisy/build/libdaisy.a(stm32h7xx_hal_uart.o)
 .ARM.attributes
                0x0800e5c6       0x32 ../../libDaisy/build/libdaisy.a(stm32h7xx_hal_uart_ex.o)
 .ARM.attributes
                0x0800e5f8       0x32 /usr/lib/gcc/arm-none-eabi/13.2.1/../../../arm-none-eabi/lib/thumb/v7e-m+dp/hard/libstdc++_nano.a(atexit_arm.o)
 .ARM.attributes
                0x0800e62a       0x32 /usr/lib/gcc/arm-none-eabi/13.2.1/../../../arm-none-eabi/lib/thumb/v7e-m+dp/hard/libc_nano.a(libc_a-init.o)
 .ARM.attributes
                0x0800e65c       0x32 /usr/lib/gcc/arm-none-eabi/13.2.1/../../../arm-none-eabi/lib/thumb/v7e-m+dp/hard/libc_nano.a(libc_a-memset.o)
 .ARM.attributes
                0x0800e68e       0x32 /usr/lib/gcc/arm-none-eabi/13.2.1/../../../arm-none-eabi/lib/thumb/v7e-m+dp/hard/libc_nano.a(libc_a-cxa_atexit.o)
 .ARM.attributes
                0x0800e6c0       0x1e /usr/lib/gcc/arm-none-eabi/13.2.1/../../../arm-none-eabi/lib/thumb/v7e-m+dp/hard/libc_nano.a(libc_a-memcpy.o)
 .ARM.attributes
                0x0800e6de       0x32 /usr/lib/gcc/arm-none-eabi/13.2.1/../../../arm-none-eabi/lib/thumb/v7e-m+dp/hard/libc_nano.a(libc_a-on_exit_args.o)
 .ARM.attributes
                0x0800e710       0x32 /usr/lib/gcc/arm-none-eabi/13.2.1/../../../arm-none-eabi/lib/thumb/v7e-m+dp/hard/libc_nano.a(libc_a-__atexit.o)
 .ARM.attributes
                0x0800e742       0x32 /usr/lib/gcc/arm-none-eabi/13.2.1/../../../arm-none-eabi/lib/thumb/v7e-m+dp/hard/libc_nano.a(libc_a-__call_atexit.o)
 .ARM.attributes
                0x0800e774       0x20 /usr/lib/gcc/arm-none-eabi/13.2.1/thumb/v7e-m+dp/hard/libgcc.a(_aeabi_uldivmod.o)
 .ARM.attributes
                0x0800e794       0x32 /usr/lib/gcc/arm-none-eabi/13.2.1/thumb/v7e-m+dp/hard/libgcc.a(_udivmoddi4.o)
 .ARM.attributes
                0x0800e7c6       0x20 /usr/lib/gcc/arm-none-eabi/13.2.1/thumb/v7e-m+dp/hard/libgcc.a(_dvmd_tls.o)
 .ARM.attributes
                0x0800e7e6       0x32 /usr/lib/gcc/arm-none-eabi/13.2.1/thumb/v7e-m+dp/hard/crtend.o
 .ARM.attributes
                0x0800e818       0x20 /usr/lib/gcc/arm-none-eabi/13.2.1/thumb/v7e-m+dp/hard/crtn.o

.preinit_array  0x0800dc14        0x0
                0x0800dc14                        PROVIDE (__preinit_array_start = .)
 *(.preinit_array*)
                0x0800dc14                        PROVIDE (__preinit_array_end = .)

.init_array     0x0800dc14       0x24
                0x0800dc14                        PROVIDE (__init_array_start = .)
 *(SORT_BY_NAME(.init_array.*))
 *(.init_array*)
 .init_array    0x0800dc14        0x4 /usr/lib/gcc/arm-none-eabi/13.2.1/thumb/v7e-m+dp/hard/crtbegin.o
 .init_array    0x0800dc18        0x4 build/Blink.o
 .init_array    0x0800dc1c        0x4 ../../libDaisy/build/libdaisy.a(audio.o)
 .init_array    0x0800dc20        0x4 ../../libDaisy/build/libdaisy.a(i2c.o)
 .init_array    0x0800dc24        0x4 ../../libDaisy/build/libdaisy.a(qspi.o)
 .init_array    0x0800dc28        0x4 ../../libDaisy/build/libdaisy.a(system.o)
 .init_array    0x0800dc2c        0x4 ../../libDaisy/build/libdaisy.a(spi.o)
 .init_array    0x0800dc30        0x4 ../../libDaisy/build/libdaisy.a(tim.o)
 .init_array    0x0800dc34        0x4 ../../libDaisy/build/libdaisy.a(uart.o)
                0x0800dc38                        PROVIDE (__init_array_end = .)

.fini_array     0x0800dc38        0x4
                0x0800dc38                        PROVIDE (__fini_array_start = .)
 *(.fini_array*)
 .fini_array    0x0800dc38        0x4 /usr/lib/gcc/arm-none-eabi/13.2.1/thumb/v7e-m+dp/hard/crtbegin.o
 *(SORT_BY_NAME(.fini_array.*))
                0x0800dc3c                        PROVIDE (__fini_array_end = .)

.data           0x24000000      0x37c load address 0x0800dc3c
                0x24000000                        . = ALIGN (0x4)
                0x24000000                        _sdata = .
                [!provide]                        PROVIDE (__data_start__ = _sdata)
 *(.data)
 .data          0x24000000        0x4 /usr/lib/gcc/arm-none-eabi/13.2.1/thumb/v7e-m+dp/hard/crtbegin.o
                0x24000000                __dso_handle
 *(.data*)
 .data._ZN5daisy9I2CHandle4Impl21queued_dma_transfers_E
                0x24000004       0x48 ../../libDaisy/build/libdaisy.a(i2c.o)
                0x24000004                daisy::I2CHandle::Impl::queued_dma_transfers_
 .data.SystemD2Clock
                0x2400004c        0x4 ../../libDaisy/build/libdaisy.a(system_stm32h7xx.o)
                0x2400004c                SystemD2Clock
 .data.SystemCoreClock
                0x24000050        0x4 ../../libDaisy/build/libdaisy.a(system_stm32h7xx.o)
                0x24000050                SystemCoreClock
 .data.uwTickFreq
                0x24000054        0x1 ../../libDaisy/build/libdaisy.a(stm32h7xx_hal.o)
 *fill*         0x24000055        0x3 
 .data.uwTickPrio
                0x24000058        0x4 ../../libDaisy/build/libdaisy.a(stm32h7xx_hal.o)
 .data._ZN5daisy9SpiHandle4Impl21queued_dma_transfers_E
                0x2400005c       0x70 ../../libDaisy/build/libdaisy.a(spi.o)
                0x2400005c                daisy::SpiHandle::Impl::queued_dma_transfers_
 .data._ZL13spi6_pins_nss
                0x240000cc        0x9 ../../libDaisy/build/libdaisy.a(spi.o)
 *fill*         0x240000d5        0x3 
 .data._ZL14spi6_pins_mosi
                0x240000d8        0x9 ../../libDaisy/build/libdaisy.a(spi.o)
 *fill*         0x240000e1        0x3 
 .data._ZL14spi6_pins_miso
                0x240000e4        0x9 ../../libDaisy/build/libdaisy.a(spi.o)
 *fill*         0x240000ed        0x3 
 .data._ZL14spi6_pins_sclk
                0x240000f0        0x9 ../../libDaisy/build/libdaisy.a(spi.o)
 *fill*         0x240000f9        0x3 
 .data._ZL13spi3_pins_nss
                0x240000fc        0x9 ../../libDaisy/build/libdaisy.a(spi.o)
 *fill*         0x24000105        0x3 
 .data._ZL14spi3_pins_mosi
                0x24000108        0x9 ../../libDaisy/build/libdaisy.a(spi.o)
 *fill*         0x24000111        0x3 
 .data._ZL14spi3_pins_miso
                0x24000114        0x9 ../../libDaisy/build/libdaisy.a(spi.o)
 *fill*         0x2400011d        0x3 
 .data._ZL14spi3_pins_sclk
                0x24000120        0x9 ../../libDaisy/build/libdaisy.a(spi.o)
 *fill*         0x24000129        0x3 
 .data._ZL13spi2_pins_nss
                0x2400012c        0x9 ../../libDaisy/build/libdaisy.a(spi.o)
 *fill*         0x24000135        0x3 
 .data._ZL14spi2_pins_mosi
                0x24000138        0x9 ../../libDaisy/build/libdaisy.a(spi.o)
 *fill*         0x24000141        0x3 
 .data._ZL14spi2_pins_miso
                0x24000144        0x9 ../../libDaisy/build/libdaisy.a(spi.o)
 *fill*         0x2400014d        0x3 
 .data._ZL14spi2_pins_sclk
                0x24000150        0x9 ../../libDaisy/build/libdaisy.a(spi.o)
 *fill*         0x24000159        0x3 
 .data._ZL13spi1_pins_nss
                0x2400015c        0x9 ../../libDaisy/build/libdaisy.a(spi.o)
 *fill*         0x24000165        0x3 
 .data._ZL14spi1_pins_mosi
                0x24000168        0x9 ../../libDaisy/build/libdaisy.a(spi.o)
 *fill*         0x24000171        0x3 
 .data._ZL14spi1_pins_miso
                0x24000174        0x9 ../../libDaisy/build/libdaisy.a(spi.o)
 *fill*         0x2400017d        0x3 
 .data._ZL14spi1_pins_sclk
                0x24000180        0x9 ../../libDaisy/build/libdaisy.a(spi.o)
 *fill*         0x24000189        0x3 
 .data._ZN5daisy11UartHandler4Impl21queued_dma_transfers_E
                0x2400018c       0xfc ../../libDaisy/build/libdaisy.a(uart.o)
                0x2400018c                daisy::UartHandler::Impl::queued_dma_transfers_
 .data.pins_periphs
                0x24000288       0x48 ../../libDaisy/build/libdaisy.a(uart.o)
                0x24000288                pins_periphs
 .data.lpuart1_pins_rx
                0x240002d0        0x9 ../../libDaisy/build/libdaisy.a(uart.o)
                0x240002d0                lpuart1_pins_rx
 *fill*         0x240002d9        0x3 
 .data.lpuart1_pins_tx
                0x240002dc        0x9 ../../libDaisy/build/libdaisy.a(uart.o)
                0x240002dc                lpuart1_pins_tx
 *fill*         0x240002e5        0x3 
 .data.uart7_pins_tx
                0x240002e8        0x9 ../../libDaisy/build/libdaisy.a(uart.o)
                0x240002e8                uart7_pins_tx
 *fill*         0x240002f1        0x3 
 .data.usart6_pins_rx
                0x240002f4        0x9 ../../libDaisy/build/libdaisy.a(uart.o)
                0x240002f4                usart6_pins_rx
 *fill*         0x240002fd        0x3 
 .data.uart5_pins_rx
                0x24000300        0x9 ../../libDaisy/build/libdaisy.a(uart.o)
                0x24000300                uart5_pins_rx
 *fill*         0x24000309        0x3 
 .data.uart5_pins_tx
                0x2400030c        0x9 ../../libDaisy/build/libdaisy.a(uart.o)
                0x2400030c                uart5_pins_tx
 *fill*         0x24000315        0x3 
 .data.uart4_pins_rx
                0x24000318        0x9 ../../libDaisy/build/libdaisy.a(uart.o)
                0x24000318                uart4_pins_rx
 *fill*         0x24000321        0x3 
 .data.uart4_pins_tx
                0x24000324        0x9 ../../libDaisy/build/libdaisy.a(uart.o)
                0x24000324                uart4_pins_tx
 *fill*         0x2400032d        0x3 
 .data.usart3_pins_rx
                0x24000330        0x9 ../../libDaisy/build/libdaisy.a(uart.o)
                0x24000330                usart3_pins_rx
 *fill*         0x24000339        0x3 
 .data.usart3_pins_tx
                0x2400033c        0x9 ../../libDaisy/build/libdaisy.a(uart.o)
                0x2400033c                usart3_pins_tx
 *fill*         0x24000345        0x3 
 .data.usart2_pins_rx
                0x24000348        0x9 ../../libDaisy/build/libdaisy.a(uart.o)
                0x24000348                usart2_pins_rx
 *fill*         0x24000351        0x3 
 .data.usart2_pins_tx
                0x24000354        0x9 ../../libDaisy/build/libdaisy.a(uart.o)
                0x24000354                usart2_pins_tx
 *fill*         0x2400035d        0x3 
 .data.usart1_pins_rx
                0x24000360        0x9 ../../libDaisy/build/libdaisy.a(uart.o)
                0x24000360                usart1_pins_rx
 *fill*         0x24000369        0x3 
 .data.usart1_pins_tx
                0x2400036c        0x9 ../../libDaisy/build/libdaisy.a(uart.o)
                0x2400036c                usart1_pins_tx
 *fill*         0x24000375        0x3 
 .data.pins_none
                0x24000378        0x3 ../../libDaisy/build/libdaisy.a(uart.o)
                0x24000378                pins_none
                0x2400037c                        . = ALIGN (0x4)
 *fill*         0x2400037b        0x1 
                0x2400037c                        _edata = .
                [!provide]                        PROVIDE (__data_end__ = _edata)
                0x0800dc3c                        _sidata = LOADADDR (.data)

.tm_clone_table
                0x2400037c        0x0 load address 0x0800dfb8
 .tm_clone_table
                0x2400037c        0x0 /usr/lib/gcc/arm-none-eabi/13.2.1/thumb/v7e-m+dp/hard/crtbegin.o
 .tm_clone_table
                0x2400037c        0x0 /usr/lib/gcc/arm-none-eabi/13.2.1/thumb/v7e-m+dp/hard/crtend.o

.igot.plt       0x2400037c        0x0 load address 0x0800dfb8
 .igot.plt      0x2400037c        0x0 /usr/lib/gcc/arm-none-eabi/13.2.1/thumb/v7e-m+dp/hard/crtbegin.o

.bss            0x24000380     0x2cd8 load address 0x0800dfb8
                0x24000380                        . = ALIGN (0x4)
                0x24000380                        _sbss = .
                0x24000380                        PROVIDE (__bss_start__ = _sbss)
 *(.bss)
 .bss           0x24000380       0x1c /usr/lib/gcc/arm-none-eabi/13.2.1/thumb/v7e-m+dp/hard/crtbegin.o
 .bss           0x2400039c      0x108 /usr/lib/gcc/arm-none-eabi/13.2.1/../../../arm-none-eabi/lib/thumb/v7e-m+dp/hard/libc_nano.a(libc_a-on_exit_args.o)
 .bss           0x240004a4       0x8c /usr/lib/gcc/arm-none-eabi/13.2.1/../../../arm-none-eabi/lib/thumb/v7e-m+dp/hard/libc_nano.a(libc_a-__atexit.o)
                0x240004a4                __atexit0
 .bss           0x24000530        0x4 /usr/lib/gcc/arm-none-eabi/13.2.1/../../../arm-none-eabi/lib/thumb/v7e-m+dp/hard/libc_nano.a(libc_a-__call_atexit.o)
                0x24000530                __atexit
 *(.bss*)
 .bss.hardware  0x24000534       0x40 build/Blink.o
                0x24000534                hardware
 .bss._ZL15FMC_Initialized
                0x24000574        0x4 ../../libDaisy/build/libdaisy.a(sdram.o)
 .bss._ZL9dsy_sdram